Component: ARM Compiler 5.06 update 6 (build 750) Tool: armlink [4d35ed]

==============================================================================

Section Cross References

    startup_stm32f103xe.o(RESET) refers to startup_stm32f103xe.o(STACK) for __initial_sp
    startup_stm32f103xe.o(RESET) refers to startup_stm32f103xe.o(.text) for Reset_Handler
    startup_stm32f103xe.o(RESET) refers to stm32f1xx_it.o(i.NMI_Handler) for NMI_Handler
    startup_stm32f103xe.o(RESET) refers to stm32f1xx_it.o(i.HardFault_Handler) for HardFault_Handler
    startup_stm32f103xe.o(RESET) refers to stm32f1xx_it.o(i.MemManage_Handler) for MemManage_Handler
    startup_stm32f103xe.o(RESET) refers to stm32f1xx_it.o(i.BusFault_Handler) for BusFault_Handler
    startup_stm32f103xe.o(RESET) refers to stm32f1xx_it.o(i.UsageFault_Handler) for UsageFault_Handler
    startup_stm32f103xe.o(RESET) refers to stm32f1xx_it.o(i.SVC_Handler) for SVC_Handler
    startup_stm32f103xe.o(RESET) refers to stm32f1xx_it.o(i.DebugMon_Handler) for DebugMon_Handler
    startup_stm32f103xe.o(RESET) refers to stm32f1xx_it.o(i.PendSV_Handler) for PendSV_Handler
    startup_stm32f103xe.o(RESET) refers to stm32f1xx_it.o(i.SysTick_Handler) for SysTick_Handler
    startup_stm32f103xe.o(RESET) refers to stm32f1xx_it.o(i.DMA1_Channel3_IRQHandler) for DMA1_Channel3_IRQHandler
    startup_stm32f103xe.o(RESET) refers to stm32f1xx_it.o(i.DMA1_Channel6_IRQHandler) for DMA1_Channel6_IRQHandler
    startup_stm32f103xe.o(RESET) refers to stm32f1xx_it.o(i.DMA1_Channel7_IRQHandler) for DMA1_Channel7_IRQHandler
    startup_stm32f103xe.o(RESET) refers to stm32f1xx_it.o(i.USART1_IRQHandler) for USART1_IRQHandler
    startup_stm32f103xe.o(RESET) refers to stm32f1xx_it.o(i.USART2_IRQHandler) for USART2_IRQHandler
    startup_stm32f103xe.o(RESET) refers to stm32f1xx_it.o(i.USART3_IRQHandler) for USART3_IRQHandler
    startup_stm32f103xe.o(RESET) refers to stm32f1xx_it.o(i.EXTI15_10_IRQHandler) for EXTI15_10_IRQHandler
    startup_stm32f103xe.o(RESET) refers to stm32f1xx_it.o(i.UART4_IRQHandler) for UART4_IRQHandler
    startup_stm32f103xe.o(RESET) refers to stm32f1xx_it.o(i.TIM6_IRQHandler) for TIM6_IRQHandler
    startup_stm32f103xe.o(RESET) refers to stm32f1xx_it.o(i.TIM7_IRQHandler) for TIM7_IRQHandler
    startup_stm32f103xe.o(.text) refers to system_stm32f1xx.o(i.SystemInit) for SystemInit
    startup_stm32f103xe.o(.text) refers to entry.o(.ARM.Collect$$$$00000000) for __main
    main.o(i.SystemClock_Config) refers to memseta.o(.text) for __aeabi_memclr4
    main.o(i.SystemClock_Config) refers to stm32f1xx_hal_rcc.o(i.HAL_RCC_OscConfig) for HAL_RCC_OscConfig
    main.o(i.SystemClock_Config) refers to stm32f1xx_hal_rcc.o(i.HAL_RCC_ClockConfig) for HAL_RCC_ClockConfig
    main.o(i.SystemClock_Config) refers to stm32f1xx_hal_rcc_ex.o(i.HAL_RCCEx_PeriphCLKConfig) for HAL_RCCEx_PeriphCLKConfig
    main.o(i.main) refers to stm32f1xx_hal.o(i.HAL_Init) for HAL_Init
    main.o(i.main) refers to main.o(i.SystemClock_Config) for SystemClock_Config
    main.o(i.main) refers to gpio.o(i.MX_GPIO_Init) for MX_GPIO_Init
    main.o(i.main) refers to dma.o(i.MX_DMA_Init) for MX_DMA_Init
    main.o(i.main) refers to usart.o(i.MX_USART1_UART_Init) for MX_USART1_UART_Init
    main.o(i.main) refers to tim.o(i.MX_TIM6_Init) for MX_TIM6_Init
    main.o(i.main) refers to usart.o(i.MX_UART4_Init) for MX_UART4_Init
    main.o(i.main) refers to usart.o(i.MX_USART2_UART_Init) for MX_USART2_UART_Init
    main.o(i.main) refers to usart.o(i.MX_USART3_UART_Init) for MX_USART3_UART_Init
    main.o(i.main) refers to adc.o(i.MX_ADC1_Init) for MX_ADC1_Init
    main.o(i.main) refers to iwdg.o(i.MX_IWDG_Init) for MX_IWDG_Init
    main.o(i.main) refers to tim.o(i.MX_TIM7_Init) for MX_TIM7_Init
    main.o(i.main) refers to myinit.o(.data) for MyInit
    main.o(i.main) refers to system.o(.data) for System
    gpio.o(i.MX_GPIO_Init) refers to stm32f1xx_hal_gpio.o(i.HAL_GPIO_WritePin) for HAL_GPIO_WritePin
    gpio.o(i.MX_GPIO_Init) refers to stm32f1xx_hal_gpio.o(i.HAL_GPIO_Init) for HAL_GPIO_Init
    gpio.o(i.MX_GPIO_Init) refers to stm32f1xx_hal_cortex.o(i.HAL_NVIC_SetPriority) for HAL_NVIC_SetPriority
    gpio.o(i.MX_GPIO_Init) refers to stm32f1xx_hal_cortex.o(i.HAL_NVIC_EnableIRQ) for HAL_NVIC_EnableIRQ
    adc.o(i.HAL_ADC_MspDeInit) refers to stm32f1xx_hal_gpio.o(i.HAL_GPIO_DeInit) for HAL_GPIO_DeInit
    adc.o(i.HAL_ADC_MspInit) refers to stm32f1xx_hal_gpio.o(i.HAL_GPIO_Init) for HAL_GPIO_Init
    adc.o(i.MX_ADC1_Init) refers to stm32f1xx_hal_adc.o(i.HAL_ADC_Init) for HAL_ADC_Init
    adc.o(i.MX_ADC1_Init) refers to main.o(i.Error_Handler) for Error_Handler
    adc.o(i.MX_ADC1_Init) refers to stm32f1xx_hal_adc.o(i.HAL_ADC_ConfigChannel) for HAL_ADC_ConfigChannel
    adc.o(i.MX_ADC1_Init) refers to adc.o(.bss) for .bss
    dma.o(i.MX_DMA_Init) refers to stm32f1xx_hal_cortex.o(i.HAL_NVIC_SetPriority) for HAL_NVIC_SetPriority
[...]
    i.TIM_Base_SetConfig                     0x08004b40   Section        0  stm32f1xx_hal_tim.o(i.TIM_Base_SetConfig)
    i.Timer6_Start_IT                        0x08004bcc   Section        0  timer.o(i.Timer6_Start_IT)
    Timer6_Start_IT                          0x08004bcd   Thumb Code     6  timer.o(i.Timer6_Start_IT)
    i.Timer7_Start_IT                        0x08004bd8   Section        0  timer.o(i.Timer7_Start_IT)
    Timer7_Start_IT                          0x08004bd9   Thumb Code     6  timer.o(i.Timer7_Start_IT)
    i.Transfer_Data                          0x08004be4   Section        0  ec20.o(i.Transfer_Data)
    Transfer_Data                            0x08004be5   Thumb Code   172  ec20.o(i.Transfer_Data)
    i.Transfer_Warning_Data                  0x08004d28   Section        0  ec20.o(i.Transfer_Warning_Data)
    Transfer_Warning_Data                    0x08004d29   Thumb Code   110  ec20.o(i.Transfer_Warning_Data)
    i.UART4_IRQHandler                       0x08004e04   Section        0  stm32f1xx_it.o(i.UART4_IRQHandler)
    i.UART_DMAAbortOnError                   0x08004e98   Section        0  stm32f1xx_hal_uart.o(i.UART_DMAAbortOnError)
    UART_DMAAbortOnError                     0x08004e99   Thumb Code    16  stm32f1xx_hal_uart.o(i.UART_DMAAbortOnError)
    i.UART_DMAError                          0x08004ea8   Section        0  stm32f1xx_hal_uart.o(i.UART_DMAError)
    UART_DMAError                            0x08004ea9   Thumb Code    74  stm32f1xx_hal_uart.o(i.UART_DMAError)
    i.UART_DMAReceiveCplt                    0x08004ef2   Section        0  stm32f1xx_hal_uart.o(i.UART_DMAReceiveCplt)
    UART_DMAReceiveCplt                      0x08004ef3   Thumb Code    90  stm32f1xx_hal_uart.o(i.UART_DMAReceiveCplt)
    i.UART_DMARxHalfCplt                     0x08004f4c   Section        0  stm32f1xx_hal_uart.o(i.UART_DMARxHalfCplt)
    UART_DMARxHalfCplt                       0x08004f4d   Thumb Code    26  stm32f1xx_hal_uart.o(i.UART_DMARxHalfCplt)
    i.UART_DMATransmitCplt                   0x08004f66   Section        0  stm32f1xx_hal_uart.o(i.UART_DMATransmitCplt)
    UART_DMATransmitCplt                     0x08004f67   Thumb Code    46  stm32f1xx_hal_uart.o(i.UART_DMATransmitCplt)
    i.UART_DMATxHalfCplt                     0x08004f94   Section        0  stm32f1xx_hal_uart.o(i.UART_DMATxHalfCplt)
    UART_DMATxHalfCplt                       0x08004f95   Thumb Code    10  stm32f1xx_hal_uart.o(i.UART_DMATxHalfCplt)
    i.UART_EndRxTransfer                     0x08004f9e   Section        0  stm32f1xx_hal_uart.o(i.UART_EndRxTransfer)
    UART_EndRxTransfer                       0x08004f9f   Thumb Code    48  stm32f1xx_hal_uart.o(i.UART_EndRxTransfer)
    i.UART_EndTxTransfer                     0x08004fce   Section        0  stm32f1xx_hal_uart.o(i.UART_EndTxTransfer)
    UART_EndTxTransfer                       0x08004fcf   Thumb Code    18  stm32f1xx_hal_uart.o(i.UART_EndTxTransfer)
    i.UART_Receive_IT                        0x08004fe0   Section        0  stm32f1xx_hal_uart.o(i.UART_Receive_IT)
    UART_Receive_IT                          0x08004fe1   Thumb Code   182  stm32f1xx_hal_uart.o(i.UART_Receive_IT)
    i.UART_SetConfig                         0x08005098   Section        0  stm32f1xx_hal_uart.o(i.UART_SetConfig)
    UART_SetConfig                           0x08005099   Thumb Code   178  stm32f1xx_hal_uart.o(i.UART_SetConfig)
    i.UART_Start_Receive_DMA                 0x08005150   Section        0  stm32f1xx_hal_uart.o(i.UART_Start_Receive_DMA)
    i.UART_WaitOnFlagUntilTimeout            0x080051c0   Section        0  stm32f1xx_hal_uart.o(i.UART_WaitOnFlagUntilTimeout)
    UART_WaitOnFlagUntilTimeout              0x080051c1   Thumb Code   100  stm32f1xx_hal_uart.o(i.UART_WaitOnFlagUntilTimeout)
    i.USART1_IRQHandler                      0x08005224   Section        0  stm32f1xx_it.o(i.USART1_IRQHandler)
    i.USART2_IRQHandler                      0x0800527c   Section        0  stm32f1xx_it.o(i.USART2_IRQHandler)
    i.USART3_IRQHandler                      0x080052a4   Section        0  stm32f1xx_it.o(i.USART3_IRQHandler)
    i.UsageFault_Handler                     0x080052cc   Section        0  stm32f1xx_it.o(i.UsageFault_Handler)
    i.Write_Byte                             0x080052d0   Section        0  i2c.o(i.Write_Byte)
    i.Write_Byte                             0x08005368   Section        0  e2rom_iic.o(i.Write_Byte)
    Write_Byte                               0x08005369   Thumb Code   148  e2rom_iic.o(i.Write_Byte)
    i.Zigbee_MQTT_Pub                        0x08005400   Section        0  zigbee.o(i.Zigbee_MQTT_Pub)
    Zigbee_MQTT_Pub                          0x08005401   Thumb Code    74  zigbee.o(i.Zigbee_MQTT_Pub)
    i.Zigbee_Receive_Information             0x080054a4   Section        0  zigbee.o(i.Zigbee_Receive_Information)
    Zigbee_Receive_Information               0x080054a5   Thumb Code   602  zigbee.o(i.Zigbee_Receive_Information)
    i.__0printf                              0x08005760   Section        0  printfa.o(i.__0printf)
    i.__0sprintf                             0x08005780   Section        0  printfa.o(i.__0sprintf)
    i.__NVIC_SetPriority                     0x080057a8   Section        0  stm32f1xx_hal_cortex.o(i.__NVIC_SetPriority)
    __NVIC_SetPriority                       0x080057a9   Thumb Code    32  stm32f1xx_hal_cortex.o(i.__NVIC_SetPriority)
    i.__aeabi_errno_addr                     0x080057c8   Section        0  errno.o(i.__aeabi_errno_addr)
    i.__read_errno                           0x080057d0   Section        0  errno.o(i.__read_errno)
    i.__scatterload_copy                     0x080057dc   Section       14  handlers.o(i.__scatterload_copy)
    i.__scatterload_null                     0x080057ea   Section        2  handlers.o(i.__scatterload_null)
    i.__scatterload_zeroinit                 0x080057ec   Section       14  handlers.o(i.__scatterload_zeroinit)
    i.__set_errno                            0x080057fc   Section        0  errno.o(i.__set_errno)
    i._fp_digits                             0x08005808   Section        0  printfa.o(i._fp_digits)
    _fp_digits                               0x08005809   Thumb Code   366  printfa.o(i._fp_digits)
    i._is_digit                              0x0800598c   Section        0  scanf_fp.o(i._is_digit)
    i._printf_core                           0x0800599c   Section        0  printfa.o(i._printf_core)
    _printf_core                             0x0800599d   Thumb Code  1744  printfa.o(i._printf_core)
    i._printf_post_padding                   0x08006078   Section        0  printfa.o(i._printf_post_padding)
    _printf_post_padding                     0x08006079   Thumb Code    36  printfa.o(i._printf_post_padding)
    i._printf_pre_padding                    0x0800609c   Section        0  printfa.o(i._printf_pre_padding)
    _printf_pre_padding                      0x0800609d   Thumb Code    46  printfa.o(i._printf_pre_padding)
    i._sputc                                 0x080060ca   Section        0  printfa.o(i._sputc)
    _sputc                                   0x080060cb   Thumb Code    10  printfa.o(i._sputc)
    i.atof                                   0x080060d4   Section        0  atof.o(i.atof)
    i.cStringRestore                         0x08006100   Section        0  cstring.o(i.cStringRestore)
    i.clrStruct                              0x08006114   Section        0  gps.o(i.clrStruct)
    clrStruct                                0x08006115   Thumb Code    62  gps.o(i.clrStruct)
    i.errorLog                               0x08006158   Section        0  gps.o(i.errorLog)
    errorLog                                 0x08006159   Thumb Code    12  gps.o(i.errorLog)
    i.fputc                                  0x08006170   Section        0  public.o(i.fputc)
    i.i2c_Ack                                0x08006188   Section        0  i2c.o(i.i2c_Ack)
    i2c_Ack                                  0x08006189   Thumb Code    60  i2c.o(i.i2c_Ack)
    i.i2c_CheckDevice                        0x080061c8   Section        0  i2c.o(i.i2c_CheckDevice)
    i2c_CheckDevice                          0x080061c9   Thumb Code    30  i2c.o(i.i2c_CheckDevice)
    i.i2c_Delay                              0x080061ec   Section        0  i2c.o(i.i2c_Delay)
    i2c_Delay                                0x080061ed   Thumb Code    12  i2c.o(i.i2c_Delay)
    i.i2c_NAck                               0x080061f8   Section        0  i2c.o(i.i2c_NAck)
    i2c_NAck                                 0x080061f9   Thumb Code    50  i2c.o(i.i2c_NAck)
    i.i2c_ReadByte                           0x08006230   Section        0  i2c.o(i.i2c_ReadByte)
    i2c_ReadByte                             0x08006231   Thumb Code    66  i2c.o(i.i2c_ReadByte)
    i.i2c_SendByte                           0x08006278   Section        0  i2c.o(i.i2c_SendByte)
    i2c_SendByte                             0x08006279   Thumb Code    86  i2c.o(i.i2c_SendByte)
    i.i2c_Start                              0x080062d4   Section        0  i2c.o(i.i2c_Start)
    i2c_Start                                0x080062d5   Thumb Code    60  i2c.o(i.i2c_Start)
    i.i2c_Stop                               0x08006314   Section        0  i2c.o(i.i2c_Stop)
    i2c_Stop                                 0x08006315   Thumb Code    42  i2c.o(i.i2c_Stop)
    i.i2c_WaitAck                            0x08006344   Section        0  i2c.o(i.i2c_WaitAck)
    i2c_WaitAck                              0x08006345   Thumb Code    66  i2c.o(i.i2c_WaitAck)
    i.main                                   0x0800638c   Section        0  main.o(i.main)
    i.parseGpsBuffer                         0x080063d4   Section        0  gps.o(i.parseGpsBuffer)
    parseGpsBuffer                           0x080063d5   Thumb Code   198  gps.o(i.parseGpsBuffer)
    i.printGpsBuffer                         0x080064f0   Section        0  gps.o(i.printGpsBuffer)
    printGpsBuffer                           0x080064f1   Thumb Code    86  gps.o(i.printGpsBuffer)
    .constdata                               0x080065c8   Section       16  system_stm32f1xx.o(.constdata)
    .constdata                               0x080065d8   Section        8  system_stm32f1xx.o(.constdata)
    .constdata                               0x080065e0   Section      129  ctype_o.o(.constdata)
    .constdata                               0x08006664   Section        4  ctype_o.o(.constdata)
    table                                    0x08006664   Data           4  ctype_o.o(.constdata)
    .data                                    0x20000000   Section       12  stm32f1xx_hal.o(.data)
    .data                                    0x2000000c   Section        4  system_stm32f1xx.o(.data)
    .data                                    0x20000010   Section        4  myinit.o(.data)
    .data                                    0x20000014   Section        8  public.o(.data)
    .data                                    0x2000001c   Section       12  system.o(.data)
    .data                                    0x20000028   Section       16  timer.o(.data)
    .data                                    0x20000038   Section       24  timer.o(.data)
    .data                                    0x20000050   Section       20  i2c.o(.data)
    .data                                    0x20000064   Section       32  i2c.o(.data)
    .data                                    0x20000084   Section       12  sht31.o(.data)
    .data                                    0x20000090   Section       20  bh1750.o(.data)
    .data                                    0x200000a4   Section        8  myiwdg.o(.data)
    .data                                    0x200000ac   Section       16  my_usart.o(.data)
    .data                                    0x200000bc   Section        4  my_usart.o(.data)
    .data                                    0x200000c0   Section       12  gps.o(.data)
    .data                                    0x200000d0   Section       32  gps.o(.data)
    .data                                    0x200000f0   Section       12  cstring.o(.data)
    .data                                    0x200000fc   Section       44  ec20.o(.data)
    EC20_Connect_Error_Flag                  0x200000fc   Data           1  ec20.o(.data)
    .data                                    0x20000128   Section       12  zigbee.o(.data)
    .data                                    0x20000134   Section       20  e2rom_iic.o(.data)
    .data                                    0x20000148   Section       24  e2prom.o(.data)
    .data                                    0x20000160   Section       12  adc_bat.o(.data)
    .data                                    0x2000016c   Section        8  low_power.o(.data)
    .data                                    0x20000174   Section        2  sensor_process.o(.data)
    .data                                    0x20000178   Section        4  stdout.o(.data)
    .data                                    0x2000017c   Section        4  errno.o(.data)
    _errno                                   0x2000017c   Data           4  errno.o(.data)
    .bss                                     0x20000180   Section       48  adc.o(.bss)
    .bss                                     0x200001b0   Section       12  iwdg.o(.bss)
    .bss                                     0x200001bc   Section      144  tim.o(.bss)
    .bss                                     0x2000024c   Section      476  usart.o(.bss)
    .bss                                     0x20000428   Section      150  my_usart.o(.bss)
    ucSend_Buffer                            0x20000428   Data         150  my_usart.o(.bss)
    .bss                                     0x200004be   Section      150  my_usart.o(.bss)
    ucRec_Buffer                             0x200004be   Data         150  my_usart.o(.bss)
    .bss                                     0x20000554   Section      150  my_usart.o(.bss)
    ucRec_Buffer3                            0x20000554   Data         150  my_usart.o(.bss)
    .bss                                     0x200005ec   Section      520  my_usart.o(.bss)
    .bss                                     0x200007f4   Section      204  my_usart.o(.bss)
    .bss                                     0x200008c0   Section      121  gps.o(.bss)
    .bss                                     0x20000939   Section      525  ec20.o(.bss)
    STACK                                    0x20000b48   Section     1024  startup_stm32f103xe.o(STACK)

    Global Symbols

    Symbol Name                              Value     Ov Type        Size  Object(Section)

    BuildAttributes$$THM_ISAv4$P$D$K$B$S$PE$A:L22UL41UL21$X:L11$S22US41US21$IEEE1$IW$USESV6$~STKCKD$USESV7$~SHL$OTIME$ROPI$IEEEJ$EBA8$MICROLIB$REQ8$PRES8$EABIv2 0x00000000   Number         0  anon$$obj.o ABSOLUTE
    __ARM_use_no_argv                        0x00000000   Number         0  main.o ABSOLUTE
    _printf_a                                0x00000000   Number         0  stubs.o ABSOLUTE
    _printf_c                                0x00000000   Number         0  stubs.o ABSOLUTE
    _printf_charcount                        0x00000000   Number         0  stubs.o ABSOLUTE
    _printf_d                                0x00000000   Number         0  stubs.o ABSOLUTE
    _printf_e                                0x00000000   Number         0  stubs.o ABSOLUTE
    _printf_f                                0x00000000   Number         0  stubs.o ABSOLUTE
    _printf_flags                            0x00000000   Number         0  stubs.o ABSOLUTE
    _printf_fp_dec                           0x00000000   Number         0  stubs.o ABSOLUTE
    _printf_fp_hex                           0x00000000   Number         0  stubs.o ABSOLUTE
    _printf_g                                0x00000000   Number         0  stubs.o ABSOLUTE
    _printf_i                                0x00000000   Number         0  stubs.o ABSOLUTE
    _printf_int_dec                          0x00000000   Number         0  stubs.o ABSOLUTE
    _printf_l                                0x00000000   Number         0  stubs.o ABSOLUTE
    _printf_lc                               0x00000000   Number         0  stubs.o ABSOLUTE
    _printf_ll                               0x00000000   Number         0  stubs.o ABSOLUTE
    _printf_lld                              0x00000000   Number         0  stubs.o ABSOLUTE
    _printf_lli                              0x00000000   Number         0  stubs.o ABSOLUTE
    _printf_llo                              0x00000000   Number         0  stubs.o ABSOLUTE
    _printf_llu                              0x00000000   Number         0  stubs.o ABSOLUTE
    _printf_llx                              0x00000000   Number         0  stubs.o ABSOLUTE
    _printf_longlong_dec                     0x00000000   Number         0  stubs.o ABSOLUTE
    _printf_longlong_hex                     0x00000000   Number         0  stubs.o ABSOLUTE
    _printf_longlong_oct                     0x00000000   Number         0  stubs.o ABSOLUTE
    _printf_ls                               0x00000000   Number         0  stubs.o ABSOLUTE
    _printf_mbtowc                           0x00000000   Number         0  stubs.o ABSOLUTE
    _printf_n                                0x00000000   Number         0  stubs.o ABSOLUTE
    _printf_o                                0x00000000   Number         0  stubs.o ABSOLUTE
    _printf_p                                0x00000000   Number         0  stubs.o ABSOLUTE
    _printf_percent                          0x00000000   Number         0  stubs.o ABSOLUTE
    _printf_pre_padding                      0x00000000   Number         0  stubs.o ABSOLUTE
    _printf_return_value                     0x00000000   Number         0  stubs.o ABSOLUTE
    _printf_s                                0x00000000   Number         0  stubs.o ABSOLUTE
    _printf_sizespec                         0x00000000   Number         0  stubs.o ABSOLUTE
    _printf_str                              0x00000000   Number         0  stubs.o ABSOLUTE
    _printf_truncate_signed                  0x00000000   Number         0  stubs.o ABSOLUTE
    _printf_truncate_unsigned                0x00000000   Number         0  stubs.o ABSOLUTE
    _printf_u                                0x00000000   Number         0  stubs.o ABSOLUTE
    _printf_wc                               0x00000000   Number         0  stubs.o ABSOLUTE
    _printf_wctomb                           0x00000000   Number         0  stubs.o ABSOLUTE
    _printf_widthprec                        0x00000000   Number         0  stubs.o ABSOLUTE
    _printf_x                                0x00000000   Number         0  stubs.o ABSOLUTE
    __cpp_initialize__aeabi_                  - Undefined Weak Reference
    __cxa_finalize                            - Undefined Weak Reference
    _clock_init                               - Undefined Weak Reference
    _microlib_exit                            - Undefined Weak Reference
    __Vectors_Size                           0x00000130   Number         0  startup_stm32f103xe.o ABSOLUTE
    __Vectors                                0x08000000   Data           4  startup_stm32f103xe.o(RESET)
    __Vectors_End                            0x08000130   Data           0  startup_stm32f103xe.o(RESET)
    __main                                   0x08000131   Thumb Code     0  entry.o(.ARM.Collect$$$$00000000)
    _main_stk                                0x08000131   Thumb Code     0  entry2.o(.ARM.Collect$$$$00000001)
    _main_scatterload                        0x08000135   Thumb Code     0  entry5.o(.ARM.Collect$$$$00000004)
    __main_after_scatterload                 0x08000139   Thumb Code     0  entry5.o(.ARM.Collect$$$$00000004)
    _main_clock                              0x08000139   Thumb Code     0  entry7b.o(.ARM.Collect$$$$00000008)
    _main_cpp_init                           0x08000139   Thumb Code     0  entry8b.o(.ARM.Collect$$$$0000000A)
    _main_init                               0x08000139   Thumb Code     0  entry9a.o(.ARM.Collect$$$$0000000B)
    __rt_final_cpp                           0x08000141   Thumb Code     0  entry10a.o(.ARM.Collect$$$$0000000D)
    __rt_final_exit                          0x08000141   Thumb Code     0  entry11a.o(.ARM.Collect$$$$0000000F)
    Reset_Handler                            0x08000145   Thumb Code     8  startup_stm32f103xe.o(.text)
    ADC1_2_IRQHandler                        0x0800015f   Thumb Code     0  startup_stm32f103xe.o(.text)
    ADC3_IRQHandler                          0x0800015f   Thumb Code     0  startup_stm32f103xe.o(.text)
    CAN1_RX1_IRQHandler                      0x0800015f   Thumb Code     0  startup_stm32f103xe.o(.text)
    CAN1_SCE_IRQHandler                      0x0800015f   Thumb Code     0  startup_stm32f103xe.o(.text)
    DMA1_Channel1_IRQHandler                 0x0800015f   Thumb Code     0  startup_stm32f103xe.o(.text)
    DMA1_Channel2_IRQHandler                 0x0800015f   Thumb Code     0  startup_stm32f103xe.o(.text)
    DMA1_Channel4_IRQHandler                 0x0800015f   Thumb Code     0  startup_stm32f103xe.o(.text)
    DMA1_Channel5_IRQHandler                 0x0800015f   Thumb Code     0  startup_stm32f103xe.o(.text)
    DMA2_Channel1_IRQHandler                 0x0800015f   Thumb Code     0  startup_stm32f103xe.o(.text)
    DMA2_Channel2_IRQHandler                 0x0800015f   Thumb Code     0  startup_stm32f103xe.o(.text)
    DMA2_Channel3_IRQHandler                 0x0800015f   Thumb Code     0  startup_stm32f103xe.o(.text)
    DMA2_Channel4_5_IRQHandler               0x0800015f   Thumb Code     0  startup_stm32f103xe.o(.text)
    EXTI0_IRQHandler                         0x0800015f   Thumb Code     0  startup_stm32f103xe.o(.text)
    EXTI1_IRQHandler                         0x0800015f   Thumb Code     0  startup_stm32f103xe.o(.text)
    EXTI2_IRQHandler                         0x0800015f   Thumb Code     0  startup_stm32f103xe.o(.text)
    EXTI3_IRQHandler                         0x0800015f   Thumb Code     0  startup_stm32f103xe.o(.text)
    EXTI4_IRQHandler                         0x0800015f   Thumb Code     0  startup_stm32f103xe.o(.text)
    EXTI9_5_IRQHandler                       0x0800015f   Thumb Code     0  startup_stm32f103xe.o(.text)
    FLASH_IRQHandler                         0x0800015f   Thumb Code     0  startup_stm32f103xe.o(.text)
    FSMC_IRQHandler                          0x0800015f   Thumb Code     0  startup_stm32f103xe.o(.text)
    I2C1_ER_IRQHandler                       0x0800015f   Thumb Code     0  startup_stm32f103xe.o(.text)
    I2C1_EV_IRQHandler                       0x0800015f   Thumb Code     0  startup_stm32f103xe.o(.text)
    I2C2_ER_IRQHandler                       0x0800015f   Thumb Code     0  startup_stm32f103xe.o(.text)
    I2C2_EV_IRQHandler                       0x0800015f   Thumb Code     0  startup_stm32f103xe.o(.text)
    PVD_IRQHandler                           0x0800015f   Thumb Code     0  startup_stm32f103xe.o(.text)
    RCC_IRQHandler                           0x0800015f   Thumb Code     0  startup_stm32f103xe.o(.text)
    RTC_Alarm_IRQHandler                     0x0800015f   Thumb Code     0  startup_stm32f103xe.o(.text)
    RTC_IRQHandler                           0x0800015f   Thumb Code     0  startup_stm32f103xe.o(.text)
    SDIO_IRQHandler                          0x0800015f   Thumb Code     0  startup_stm32f103xe.o(.text)
    SPI1_IRQHandler                          0x0800015f   Thumb Code     0  startup_stm32f103xe.o(.text)
    SPI2_IRQHandler                          0x0800015f   Thumb Code     0  startup_stm32f103xe.o(.text)
    SPI3_IRQHandler                          0x0800015f   Thumb Code     0  startup_stm32f103xe.o(.text)
    TAMPER_IRQHandler                        0x0800015f   Thumb Code     0  startup_stm32f103xe.o(.text)
    TIM1_BRK_IRQHandler                      0x0800015f   Thumb Code     0  startup_stm32f103xe.o(.text)
    TIM1_CC_IRQHandler                       0x0800015f   Thumb Code     0  startup_stm32f103xe.o(.text)
    TIM1_TRG_COM_IRQHandler                  0x0800015f   Thumb Code     0  startup_stm32f103xe.o(.text)
    TIM1_UP_IRQHandler                       0x0800015f   Thumb Code     0  startup_stm32f103xe.o(.text)
    TIM2_IRQHandler                          0x0800015f   Thumb Code     0  startup_stm32f103xe.o(.text)
    TIM3_IRQHandler                          0x0800015f   Thumb Code     0  startup_stm32f103xe.o(.text)
    TIM4_IRQHandler                          0x0800015f   Thumb Code     0  startup_stm32f103xe.o(.text)
    TIM5_IRQHandler                          0x0800015f   Thumb Code     0  startup_stm32f103xe.o(.text)
    TIM8_BRK_IRQHandler                      0x0800015f   Thumb Code     0  startup_stm32f103xe.o(.text)
    TIM8_CC_IRQHandler                       0x0800015f   Thumb Code     0  startup_stm32f103xe.o(.text)
    TIM8_TRG_COM_IRQHandler                  0x0800015f   Thumb Code     0  startup_stm32f103xe.o(.text)
    TIM8_UP_IRQHandler                       0x0800015f   Thumb Code     0  startup_stm32f103xe.o(.text)
    UART5_IRQHandler                         0x0800015f   Thumb Code     0  startup_stm32f103xe.o(.text)
    USBWakeUp_IRQHandler                     0x0800015f   Thumb Code     0  startup_stm32f103xe.o(.text)
    USB_HP_CAN1_TX_IRQHandler                0x0800015f   Thumb Code     0  startup_stm32f103xe.o(.text)
    USB_LP_CAN1_RX0_IRQHandler               0x0800015f   Thumb Code     0  startup_stm32f103xe.o(.text)
    WWDG_IRQHandler                          0x0800015f   Thumb Code     0  startup_stm32f103xe.o(.text)
    __aeabi_llsr                             0x08000169   Thumb Code    32  llushr.o(.text)
    _ll_ushift_r                             0x08000169   Thumb Code     0  llushr.o(.text)
    __aeabi_memcpy                           0x08000189   Thumb Code    36  memcpya.o(.text)
    __aeabi_memcpy4                          0x08000189   Thumb Code     0  memcpya.o(.text)
    __aeabi_memcpy8                          0x08000189   Thumb Code     0  memcpya.o(.text)
    __aeabi_memset                           0x080001ad   Thumb Code    14  memseta.o(.text)
    __aeabi_memset4                          0x080001ad   Thumb Code     0  memseta.o(.text)
    __aeabi_memset8                          0x080001ad   Thumb Code     0  memseta.o(.text)
    __aeabi_memclr                           0x080001bb   Thumb Code     4  memseta.o(.text)
    __aeabi_memclr4                          0x080001bb   Thumb Code     0  memseta.o(.text)
    __aeabi_memclr8                          0x080001bb   Thumb Code     0  memseta.o(.text)
    _memset$wrapper                          0x080001bf   Thumb Code    18  memseta.o(.text)
    strstr                                   0x080001d1   Thumb Code    36  strstr.o(.text)
    strncpy                                  0x080001f5   Thumb Code    24  strncpy.o(.text)
    strlen                                   0x0800020d   Thumb Code    14  strlen.o(.text)
    atoi                                     0x0800021b   Thumb Code    26  atoi.o(.text)
    __aeabi_fdiv                             0x08000235   Thumb Code   124  fdiv.o(.text)
    __ARM_scalbnf                            0x080002b1   Thumb Code    24  fscalb.o(.text)
    scalbnf                                  0x080002b1   Thumb Code     0  fscalb.o(.text)
    __aeabi_dadd                             0x080002c9   Thumb Code   322  dadd.o(.text)
    __aeabi_dsub                             0x0800040b   Thumb Code     6  dadd.o(.text)
    __aeabi_drsub                            0x08000411   Thumb Code     6  dadd.o(.text)
    __aeabi_dmul                             0x08000417   Thumb Code   228  dmul.o(.text)
    __aeabi_ddiv                             0x080004fb   Thumb Code   222  ddiv.o(.text)
    __ARM_scalbn                             0x080005d9   Thumb Code    46  dscalb.o(.text)
    scalbn                                   0x080005d9   Thumb Code     0  dscalb.o(.text)
    __aeabi_ui2f                             0x08000607   Thumb Code    10  ffltui.o(.text)
    __aeabi_ui2d                             0x08000611   Thumb Code    26  dfltui.o(.text)
    __aeabi_f2uiz                            0x0800062b   Thumb Code    40  ffixui.o(.text)
    __aeabi_f2d                              0x08000653   Thumb Code    38  f2d.o(.text)
    __aeabi_d2f                              0x08000679   Thumb Code    56  d2f.o(.text)
    __aeabi_cfcmpeq                          0x080006b1   Thumb Code     0  cfcmple.o(.text)
    __aeabi_cfcmple                          0x080006b1   Thumb Code    20  cfcmple.o(.text)
    __aeabi_cfrcmple                         0x080006c5   Thumb Code    20  cfrcmple.o(.text)
    __aeabi_uidiv                            0x080006d9   Thumb Code     0  uidiv.o(.text)
    __aeabi_uidivmod                         0x080006d9   Thumb Code    44  uidiv.o(.text)
    __aeabi_uldivmod                         0x08000705   Thumb Code    98  uldiv.o(.text)
    __aeabi_llsl                             0x08000767   Thumb Code    30  llshl.o(.text)
    _ll_shift_l                              0x08000767   Thumb Code     0  llshl.o(.text)
    __aeabi_lasr                             0x08000785   Thumb Code    36  llsshr.o(.text)
    _ll_sshift_r                             0x08000785   Thumb Code     0  llsshr.o(.text)
    __strtod_int                             0x080007df   Thumb Code    90  strtod.o(.text)
    strtol                                   0x08000845   Thumb Code   112  strtol.o(.text)
    __I$use$fp                               0x080008b5   Thumb Code     0  iusefp.o(.text)
    _float_round                             0x080008b5   Thumb Code    18  fepilogue.o(.text)
    _float_epilogue                          0x080008c7   Thumb Code    92  fepilogue.o(.text)
    _double_round                            0x08000923   Thumb Code    30  depilogue.o(.text)
    _double_epilogue                         0x08000941   Thumb Code   156  depilogue.o(.text)
    __aeabi_d2ulz                            0x080009dd   Thumb Code    48  dfixul.o(.text)
    __aeabi_cdrcmple                         0x08000a0d   Thumb Code    48  cdrcmple.o(.text)
    __scatterload                            0x08000a3d   Thumb Code    28  init.o(.text)
    __scatterload_rt2                        0x08000a3d   Thumb Code     0  init.o(.text)
    __rt_ctype_table                         0x08000a61   Thumb Code     4  ctype_o.o(.text)
    isspace                                  0x08000a69   Thumb Code    18  isspace_o.o(.text)
    _scanf_real                              0x08000ba5   Thumb Code     0  scanf_fp.o(.text)
    _scanf_really_real                       0x08000ba5   Thumb Code   556  scanf_fp.o(.text)
    _sgetc                                   0x08000ddd   Thumb Code    30  _sgetc.o(.text)
    _sbackspace                              0x08000dfb   Thumb Code    34  _sgetc.o(.text)
    _strtoul                                 0x08000e1d   Thumb Code   158  _strtoul.o(.text)
    _chval                                   0x08000ebb   Thumb Code    28  _chval.o(.text)
    __aeabi_ul2d                             0x08000ed7   Thumb Code    24  dfltul.o(.text)
    __decompress                             0x08000eef   Thumb Code     0  __dczerorl2.o(.text)
    __decompress1                            0x08000eef   Thumb Code    86  __dczerorl2.o(.text)
    ADC_ConversionStop_Disable               0x08000f45   Thumb Code    86  stm32f1xx_hal_adc.o(i.ADC_ConversionStop_Disable)
    ADC_Enable                               0x08000f9d   Thumb Code   114  stm32f1xx_hal_adc.o(i.ADC_Enable)
    AT24CXX_Check                            0x08001019   Thumb Code    40  e2prom.o(i.AT24CXX_Check)
    BusFault_Handler                         0x08001225   Thumb Code     2  stm32f1xx_it.o(i.BusFault_Handler)
    DMA1_Channel3_IRQHandler                 0x08001275   Thumb Code     6  stm32f1xx_it.o(i.DMA1_Channel3_IRQHandler)
    DMA1_Channel6_IRQHandler                 0x08001281   Thumb Code     6  stm32f1xx_it.o(i.DMA1_Channel6_IRQHandler)
    DMA1_Channel7_IRQHandler                 0x0800128d   Thumb Code     6  stm32f1xx_it.o(i.DMA1_Channel7_IRQHandler)
    DebugMon_Handler                         0x0800132b   Thumb Code     2  stm32f1xx_it.o(i.DebugMon_Handler)
    EXTI15_10_IRQHandler                     0x0800132d   Thumb Code     8  stm32f1xx_it.o(i.EXTI15_10_IRQHandler)
    Error_Handler                            0x08001349   Thumb Code     2  main.o(i.Error_Handler)
    Get_CSQ                                  0x080013f1   Thumb Code   146  ec20.o(i.Get_CSQ)
    HAL_ADC_ConfigChannel                    0x080014e5   Thumb Code   240  stm32f1xx_hal_adc.o(i.HAL_ADC_ConfigChannel)
    HAL_ADC_GetValue                         0x080015e1   Thumb Code     6  stm32f1xx_hal_adc.o(i.HAL_ADC_GetValue)
    HAL_ADC_Init                             0x080015e9   Thumb Code   272  stm32f1xx_hal_adc.o(i.HAL_ADC_Init)
    HAL_ADC_MspInit                          0x08001709   Thumb Code    76  adc.o(i.HAL_ADC_MspInit)
    HAL_ADC_PollForConversion                0x08001761   Thumb Code   304  stm32f1xx_hal_adc.o(i.HAL_ADC_PollForConversion)
    HAL_ADC_Start                            0x0800189d   Thumb Code   184  stm32f1xx_hal_adc.o(i.HAL_ADC_Start)
    HAL_DMA_Abort                            0x0800195d   Thumb Code    70  stm32f1xx_hal_dma.o(i.HAL_DMA_Abort)
    HAL_DMA_Abort_IT                         0x080019a5   Thumb Code   296  stm32f1xx_hal_dma.o(i.HAL_DMA_Abort_IT)
    HAL_DMA_IRQHandler                       0x08001ad5   Thumb Code   552  stm32f1xx_hal_dma.o(i.HAL_DMA_IRQHandler)
    HAL_DMA_Init                             0x08001d1d   Thumb Code   112  stm32f1xx_hal_dma.o(i.HAL_DMA_Init)
    HAL_DMA_Start_IT                         0x08001d99   Thumb Code   112  stm32f1xx_hal_dma.o(i.HAL_DMA_Start_IT)
    HAL_Delay                                0x08001e09   Thumb Code    32  stm32f1xx_hal.o(i.HAL_Delay)
    HAL_GPIO_EXTI_Callback                   0x08001e2d   Thumb Code    34  callback.o(i.HAL_GPIO_EXTI_Callback)
    HAL_GPIO_EXTI_IRQHandler                 0x08001e61   Thumb Code    18  stm32f1xx_hal_gpio.o(i.HAL_GPIO_EXTI_IRQHandler)
    HAL_GPIO_Init                            0x08001e79   Thumb Code   462  stm32f1xx_hal_gpio.o(i.HAL_GPIO_Init)
    HAL_GPIO_ReadPin                         0x08002071   Thumb Code    10  stm32f1xx_hal_gpio.o(i.HAL_GPIO_ReadPin)
    HAL_GPIO_WritePin                        0x0800207b   Thumb Code    10  stm32f1xx_hal_gpio.o(i.HAL_GPIO_WritePin)
    HAL_GetTick                              0x08002085   Thumb Code     6  stm32f1xx_hal.o(i.HAL_GetTick)
    HAL_IWDG_Init                            0x08002091   Thumb Code    90  stm32f1xx_hal_iwdg.o(i.HAL_IWDG_Init)
    HAL_IWDG_Refresh                         0x080020eb   Thumb Code    12  stm32f1xx_hal_iwdg.o(i.HAL_IWDG_Refresh)
    HAL_IncTick                              0x080020f9   Thumb Code    12  stm32f1xx_hal.o(i.HAL_IncTick)
    HAL_Init                                 0x08002109   Thumb Code    32  stm32f1xx_hal.o(i.HAL_Init)
    HAL_InitTick                             0x0800212d   Thumb Code    54  stm32f1xx_hal.o(i.HAL_InitTick)
    HAL_MspInit                              0x0800216d   Thumb Code    52  stm32f1xx_hal_msp.o(i.HAL_MspInit)
    HAL_NVIC_DisableIRQ                      0x080021a9   Thumb Code    34  stm32f1xx_hal_cortex.o(i.HAL_NVIC_DisableIRQ)
    HAL_NVIC_EnableIRQ                       0x080021cb   Thumb Code    26  stm32f1xx_hal_cortex.o(i.HAL_NVIC_EnableIRQ)
    HAL_NVIC_SetPriority                     0x080021e5   Thumb Code    60  stm32f1xx_hal_cortex.o(i.HAL_NVIC_SetPriority)
    HAL_NVIC_SetPriorityGrouping             0x08002225   Thumb Code    26  stm32f1xx_hal_cortex.o(i.HAL_NVIC_SetPriorityGrouping)
    HAL_NVIC_SystemReset                     0x08002249   Thumb Code    26  stm32f1xx_hal_cortex.o(i.HAL_NVIC_SystemReset)
    HAL_PWR_EnterSLEEPMode                   0x0800226d   Thumb Code    26  stm32f1xx_hal_pwr.o(i.HAL_PWR_EnterSLEEPMode)
    HAL_RCCEx_GetPeriphCLKFreq               0x0800228d   Thumb Code   180  stm32f1xx_hal_rcc_ex.o(i.HAL_RCCEx_GetPeriphCLKFreq)
    HAL_RCCEx_PeriphCLKConfig                0x08002361   Thumb Code   224  stm32f1xx_hal_rcc_ex.o(i.HAL_RCCEx_PeriphCLKConfig)
    HAL_RCC_ClockConfig                      0x0800244d   Thumb Code   280  stm32f1xx_hal_rcc.o(i.HAL_RCC_ClockConfig)
    HAL_RCC_GetPCLK1Freq                     0x08002579   Thumb Code    20  stm32f1xx_hal_rcc.o(i.HAL_RCC_GetPCLK1Freq)
    HAL_RCC_GetPCLK2Freq                     0x08002599   Thumb Code    20  stm32f1xx_hal_rcc.o(i.HAL_RCC_GetPCLK2Freq)
    HAL_RCC_GetSysClockFreq                  0x080025b9   Thumb Code    74  stm32f1xx_hal_rcc.o(i.HAL_RCC_GetSysClockFreq)
    HAL_RCC_OscConfig                        0x08002625   Thumb Code   778  stm32f1xx_hal_rcc.o(i.HAL_RCC_OscConfig)
    HAL_ResumeTick                           0x08002945   Thumb Code    14  stm32f1xx_hal.o(i.HAL_ResumeTick)
    HAL_SYSTICK_Config                       0x08002953   Thumb Code    40  stm32f1xx_hal_cortex.o(i.HAL_SYSTICK_Config)
    HAL_SuspendTick                          0x0800297b   Thumb Code    14  stm32f1xx_hal.o(i.HAL_SuspendTick)
    HAL_TIMEx_BreakCallback                  0x08002989   Thumb Code     2  stm32f1xx_hal_tim_ex.o(i.HAL_TIMEx_BreakCallback)
    HAL_TIMEx_CommutCallback                 0x0800298b   Thumb Code     2  stm32f1xx_hal_tim_ex.o(i.HAL_TIMEx_CommutCallback)
    HAL_TIMEx_MasterConfigSynchronization    0x0800298d   Thumb Code   104  stm32f1xx_hal_tim_ex.o(i.HAL_TIMEx_MasterConfigSynchronization)
    HAL_TIM_Base_Init                        0x08002a09   Thumb Code    90  stm32f1xx_hal_tim.o(i.HAL_TIM_Base_Init)
    HAL_TIM_Base_MspInit                     0x08002a65   Thumb Code    86  tim.o(i.HAL_TIM_Base_MspInit)
    HAL_TIM_Base_Start_IT                    0x08002ac9   Thumb Code    88  stm32f1xx_hal_tim.o(i.HAL_TIM_Base_Start_IT)
    HAL_TIM_Base_Stop_IT                     0x08002b35   Thumb Code    48  stm32f1xx_hal_tim.o(i.HAL_TIM_Base_Stop_IT)
    HAL_TIM_IC_CaptureCallback               0x08002b65   Thumb Code     2  stm32f1xx_hal_tim.o(i.HAL_TIM_IC_CaptureCallback)
    HAL_TIM_IRQHandler                       0x08002b67   Thumb Code   358  stm32f1xx_hal_tim.o(i.HAL_TIM_IRQHandler)
    HAL_TIM_OC_DelayElapsedCallback          0x08002ccd   Thumb Code     2  stm32f1xx_hal_tim.o(i.HAL_TIM_OC_DelayElapsedCallback)
    HAL_TIM_PWM_PulseFinishedCallback        0x08002ccf   Thumb Code     2  stm32f1xx_hal_tim.o(i.HAL_TIM_PWM_PulseFinishedCallback)
    HAL_TIM_PeriodElapsedCallback            0x08002cd1   Thumb Code    70  callback.o(i.HAL_TIM_PeriodElapsedCallback)
    HAL_TIM_TriggerCallback                  0x08002d2d   Thumb Code     2  stm32f1xx_hal_tim.o(i.HAL_TIM_TriggerCallback)
    HAL_UARTEx_RxEventCallback               0x08002d2f   Thumb Code     2  stm32f1xx_hal_uart.o(i.HAL_UARTEx_RxEventCallback)
    HAL_UART_DMAStop                         0x08002d31   Thumb Code    88  stm32f1xx_hal_uart.o(i.HAL_UART_DMAStop)
    HAL_UART_ErrorCallback                   0x08002d89   Thumb Code     2  stm32f1xx_hal_uart.o(i.HAL_UART_ErrorCallback)
    HAL_UART_IRQHandler                      0x08002d8d   Thumb Code   520  stm32f1xx_hal_uart.o(i.HAL_UART_IRQHandler)
    HAL_UART_IdleCallback                    0x08002f99   Thumb Code    42  callback.o(i.HAL_UART_IdleCallback)
    HAL_UART_Init                            0x08002fd5   Thumb Code    98  stm32f1xx_hal_uart.o(i.HAL_UART_Init)
    HAL_UART_MspInit                         0x08003039   Thumb Code   566  usart.o(i.HAL_UART_MspInit)
    HAL_UART_Receive_DMA                     0x0800329d   Thumb Code    42  stm32f1xx_hal_uart.o(i.HAL_UART_Receive_DMA)
    HAL_UART_RxCpltCallback                  0x080032c7   Thumb Code     2  stm32f1xx_hal_uart.o(i.HAL_UART_RxCpltCallback)
    HAL_UART_RxHalfCpltCallback              0x080032c9   Thumb Code     2  stm32f1xx_hal_uart.o(i.HAL_UART_RxHalfCpltCallback)
    HAL_UART_Transmit                        0x080032cd   Thumb Code   178  stm32f1xx_hal_uart.o(i.HAL_UART_Transmit)
    HAL_UART_Transmit_DMA                    0x08003381   Thumb Code   114  stm32f1xx_hal_uart.o(i.HAL_UART_Transmit_DMA)
    HAL_UART_TxCpltCallback                  0x08003401   Thumb Code     2  stm32f1xx_hal_uart.o(i.HAL_UART_TxCpltCallback)
    HAL_UART_TxHalfCpltCallback              0x08003403   Thumb Code     2  stm32f1xx_hal_uart.o(i.HAL_UART_TxHalfCpltCallback)
    HardFault_Handler                        0x0800341d   Thumb Code     2  stm32f1xx_it.o(i.HardFault_Handler)
    Init                                     0x08003449   Thumb Code    28  i2c.o(i.Init)
    MX_ADC1_Init                             0x080034f9   Thumb Code    70  adc.o(i.MX_ADC1_Init)
    MX_DMA_Init                              0x08003549   Thumb Code    72  dma.o(i.MX_DMA_Init)
    MX_GPIO_Init                             0x08003595   Thumb Code   308  gpio.o(i.MX_GPIO_Init)
    MX_IWDG_Init                             0x080036e1   Thumb Code    36  iwdg.o(i.MX_IWDG_Init)
    MX_TIM6_Init                             0x0800370d   Thumb Code    62  tim.o(i.MX_TIM6_Init)
    MX_TIM7_Init                             0x08003755   Thumb Code    62  tim.o(i.MX_TIM7_Init)
    MX_UART4_Init                            0x0800379d   Thumb Code    48  usart.o(i.MX_UART4_Init)
    MX_USART1_UART_Init                      0x080037d5   Thumb Code    48  usart.o(i.MX_USART1_UART_Init)
    MX_USART2_UART_Init                      0x0800380d   Thumb Code    48  usart.o(i.MX_USART2_UART_Init)
    MX_USART3_UART_Init                      0x08003845   Thumb Code    48  usart.o(i.MX_USART3_UART_Init)
    MemManage_Handler                        0x080039cd   Thumb Code     2  stm32f1xx_it.o(i.MemManage_Handler)
    NMI_Handler                              0x080040a1   Thumb Code     2  stm32f1xx_it.o(i.NMI_Handler)
    PendSV_Handler                           0x080040a3   Thumb Code     2  stm32f1xx_it.o(i.PendSV_Handler)
    Read_Byte                                0x0800413d   Thumb Code   152  i2c.o(i.Read_Byte)
    SVC_Handler                              0x080047bd   Thumb Code     2  stm32f1xx_it.o(i.SVC_Handler)
    Send_AT                                  0x080047ed   Thumb Code    94  ec20.o(i.Send_AT)
    Start                                    0x08004971   Thumb Code    66  i2c.o(i.Start)
    Stop                                     0x08004a05   Thumb Code    50  i2c.o(i.Stop)
    StrBetwString                            0x08004a75   Thumb Code    62  cstring.o(i.StrBetwString)
    SysTick_Handler                          0x08004ab9   Thumb Code     4  stm32f1xx_it.o(i.SysTick_Handler)
    SystemClock_Config                       0x08004abd   Thumb Code   104  main.o(i.SystemClock_Config)
    SystemInit                               0x08004b25   Thumb Code     2  system_stm32f1xx.o(i.SystemInit)
    TIM6_IRQHandler                          0x08004b29   Thumb Code     6  stm32f1xx_it.o(i.TIM6_IRQHandler)
    TIM7_IRQHandler                          0x08004b35   Thumb Code     6  stm32f1xx_it.o(i.TIM7_IRQHandler)
    TIM_Base_SetConfig                       0x08004b41   Thumb Code   120  stm32f1xx_hal_tim.o(i.TIM_Base_SetConfig)
    UART4_IRQHandler                         0x08004e05   Thumb Code   130  stm32f1xx_it.o(i.UART4_IRQHandler)
    UART_Start_Receive_DMA                   0x08005151   Thumb Code    98  stm32f1xx_hal_uart.o(i.UART_Start_Receive_DMA)
    USART1_IRQHandler                        0x08005225   Thumb Code    76  stm32f1xx_it.o(i.USART1_IRQHandler)
    USART2_IRQHandler                        0x0800527d   Thumb Code    36  stm32f1xx_it.o(i.USART2_IRQHandler)
    USART3_IRQHandler                        0x080052a5   Thumb Code    36  stm32f1xx_it.o(i.USART3_IRQHandler)
    UsageFault_Handler                       0x080052cd   Thumb Code     2  stm32f1xx_it.o(i.UsageFault_Handler)
    Write_Byte                               0x080052d1   Thumb Code   148  i2c.o(i.Write_Byte)
    __0printf                                0x08005761   Thumb Code    22  printfa.o(i.__0printf)
    __1printf                                0x08005761   Thumb Code     0  printfa.o(i.__0printf)
    __2printf                                0x08005761   Thumb Code     0  printfa.o(i.__0printf)
    __c89printf                              0x08005761   Thumb Code     0  printfa.o(i.__0printf)
    printf                                   0x08005761   Thumb Code     0  printfa.o(i.__0printf)
    __0sprintf                               0x08005781   Thumb Code    34  printfa.o(i.__0sprintf)
    __1sprintf                               0x08005781   Thumb Code     0  printfa.o(i.__0sprintf)
    __2sprintf                               0x08005781   Thumb Code     0  printfa.o(i.__0sprintf)
    __c89sprintf                             0x08005781   Thumb Code     0  printfa.o(i.__0sprintf)
    sprintf                                  0x08005781   Thumb Code     0  printfa.o(i.__0sprintf)
    __aeabi_errno_addr                       0x080057c9   Thumb Code     4  errno.o(i.__aeabi_errno_addr)
    __rt_errno_addr                          0x080057c9   Thumb Code     0  errno.o(i.__aeabi_errno_addr)
    __read_errno                             0x080057d1   Thumb Code     6  errno.o(i.__read_errno)
    __scatterload_copy                       0x080057dd   Thumb Code    14  handlers.o(i.__scatterload_copy)
    __scatterload_null                       0x080057eb   Thumb Code     2  handlers.o(i.__scatterload_null)
    __scatterload_zeroinit                   0x080057ed   Thumb Code    14  handlers.o(i.__scatterload_zeroinit)
    __set_errno                              0x080057fd   Thumb Code     6  errno.o(i.__set_errno)
    _is_digit                                0x0800598d   Thumb Code    14  scanf_fp.o(i._is_digit)
    atof                                     0x080060d5   Thumb Code    42  atof.o(i.atof)
    cStringRestore                           0x08006101   Thumb Code    14  cstring.o(i.cStringRestore)
    fputc                                    0x08006171   Thumb Code    18  public.o(i.fputc)
    main                                     0x0800638d   Thumb Code    62  main.o(i.main)
    AHBPrescTable                            0x080065c8   Data          16  system_stm32f1xx.o(.constdata)
    APBPrescTable                            0x080065d8   Data           8  system_stm32f1xx.o(.constdata)
    __ctype_table                            0x080065e0   Data         129  ctype_o.o(.constdata)
    Region$$Table$$Base                      0x08006668   Number         0  anon$$obj.o(Region$$Table)
    Region$$Table$$Limit                     0x08006688   Number         0  anon$$obj.o(Region$$Table)
    uwTickFreq                               0x20000000   Data           1  stm32f1xx_hal.o(.data)
    uwTickPrio                               0x20000004   Data           4  stm32f1xx_hal.o(.data)
    uwTick                                   0x20000008   Data           4  stm32f1xx_hal.o(.data)
    SystemCoreClock                          0x2000000c   Data           4  system_stm32f1xx.o(.data)
    MyInit                                   0x20000010   Data           4  myinit.o(.data)
    Public                                   0x20000014   Data           8  public.o(.data)
    System                                   0x2000001c   Data          12  system.o(.data)
    Timer6                                   0x20000028   Data          16  timer.o(.data)
    Timer7                                   0x20000038   Data          24  timer.o(.data)
    I2C_Soft                                 0x20000050   Data          20  i2c.o(.data)
    I2C_BH1750                               0x20000064   Data          32  i2c.o(.data)
    SHT31                                    0x20000084   Data          12  sht31.o(.data)
    BH1750                                   0x20000090   Data          20  bh1750.o(.data)
    MyIWDG                                   0x200000a4   Data           8  myiwdg.o(.data)
    My_Usart2                                0x200000ac   Data          16  my_usart.o(.data)
    My_Usart3                                0x200000bc   Data           4  my_usart.o(.data)
    GPS_hanle                                0x200000c0   Data          12  gps.o(.data)
    GPS_Decode                               0x200000d0   Data          32  gps.o(.data)
    StringValue                              0x200000f0   Data           1  cstring.o(.data)
    StringStr                                0x200000f4   Data           4  cstring.o(.data)
    StrStop                                  0x200000f8   Data           4  cstring.o(.data)
    EC20                                     0x20000100   Data          40  ec20.o(.data)
    Zigbee                                   0x20000128   Data          12  zigbee.o(.data)
    IIC_E2PROM                               0x20000134   Data          20  e2rom_iic.o(.data)
    E2PROM                                   0x20000148   Data          24  e2prom.o(.data)
    ADC_BAT                                  0x20000160   Data          12  adc_bat.o(.data)
    LowPower                                 0x2000016c   Data           8  low_power.o(.data)
    Temperature_Limit                        0x20000174   Data           2  sensor_process.o(.data)
    __stdout                                 0x20000178   Data           4  stdout.o(.data)
    hadc1                                    0x20000180   Data          48  adc.o(.bss)
    hiwdg                                    0x200001b0   Data          12  iwdg.o(.bss)
    htim6                                    0x200001bc   Data          72  tim.o(.bss)
    htim7                                    0x20000204   Data          72  tim.o(.bss)
    huart4                                   0x2000024c   Data          68  usart.o(.bss)
    huart1                                   0x20000290   Data          68  usart.o(.bss)
    huart2                                   0x200002d4   Data          68  usart.o(.bss)
    huart3                                   0x20000318   Data          68  usart.o(.bss)
    hdma_usart2_tx                           0x2000035c   Data          68  usart.o(.bss)
    hdma_usart2_rx                           0x200003a0   Data          68  usart.o(.bss)
    hdma_usart3_rx                           0x200003e4   Data          68  usart.o(.bss)
    My_Usart1                                0x200005ec   Data         520  my_usart.o(.bss)
    My_Uart4                                 0x200007f4   Data         204  my_usart.o(.bss)
    Save_Data                                0x200008c0   Data         121  gps.o(.bss)
    EC20_Data                                0x20000939   Data         525  ec20.o(.bss)
    __initial_sp                             0x20000f48   Data           0  startup_stm32f103xe.o(STACK)



==============================================================================

Memory Map of the image

  Image Entry point : 0x08000131

  Load Region LR_IROM1 (Base: 0x08000000, Size: 0x00006808, Max: 0x00040000, ABSOLUTE, COMPRESSED[0x00006774])

    Execution Region ER_IROM1 (Exec base: 0x08000000, Load base: 0x08000000, Size: 0x00006688, Max: 0x00040000, ABSOLUTE)

    Exec Addr    Load Addr    Size         Type   Attr      Idx    E Section Name        Object

    0x08000000   0x08000000   0x00000130   Data   RO            3    RESET               startup_stm32f103xe.o
    0x08000130   0x08000130   0x00000000   Code   RO         4515  * .ARM.Collect$$$$00000000  mc_w.l(entry.o)
    0x08000130   0x08000130   0x00000004   Code   RO         4855    .ARM.Collect$$$$00000001  mc_w.l(entry2.o)
    0x08000134   0x08000134   0x00000004   Code   RO         4858    .ARM.Collect$$$$00000004  mc_w.l(entry5.o)
    0x08000138   0x08000138   0x00000000   Code   RO         4860    .ARM.Collect$$$$00000008  mc_w.l(entry7b.o)
    0x08000138   0x08000138   0x00000000   Code   RO         4862    .ARM.Collect$$$$0000000A  mc_w.l(entry8b.o)
    0x08000138   0x08000138   0x00000008   Code   RO         4863    .ARM.Collect$$$$0000000B  mc_w.l(entry9a.o)
    0x08000140   0x08000140   0x00000000   Code   RO         4865    .ARM.Collect$$$$0000000D  mc_w.l(entry10a.o)
    0x08000140   0x08000140   0x00000000   Code   RO         4867    .ARM.Collect$$$$0000000F  mc_w.l(entry11a.o)
    0x08000140   0x08000140   0x00000004   Code   RO         4856    .ARM.Collect$$$$00002712  mc_w.l(entry2.o)
    0x08000144   0x08000144   0x00000024   Code   RO            4    .text               startup_stm32f103xe.o
    0x08000168   0x08000168   0x00000020   Code   RO         4518    .text               mc_w.l(llushr.o)
    0x08000188   0x08000188   0x00000024   Code   RO         4520    .text               mc_w.l(memcpya.o)
    0x080001ac   0x080001ac   0x00000024   Code   RO         4522    .text               mc_w.l(memseta.o)
    0x080001d0   0x080001d0   0x00000024   Code   RO         4524    .text               mc_w.l(strstr.o)
    0x080001f4   0x080001f4   0x00000018   Code   RO         4526    .text               mc_w.l(strncpy.o)
    0x0800020c   0x0800020c   0x0000000e   Code   RO         4528    .text               mc_w.l(strlen.o)
    0x0800021a   0x0800021a   0x0000001a   Code   RO         4827    .text               mc_w.l(atoi.o)
    0x08000234   0x08000234   0x0000007c   Code   RO         4829    .text               mf_w.l(fdiv.o)
    0x080002b0   0x080002b0   0x00000018   Code   RO         4831    .text               mf_w.l(fscalb.o)
    0x080002c8   0x080002c8   0x0000014e   Code   RO         4833    .text               mf_w.l(dadd.o)
    0x08000416   0x08000416   0x000000e4   Code   RO         4835    .text               mf_w.l(dmul.o)
    0x080004fa   0x080004fa   0x000000de   Code   RO         4837    .text               mf_w.l(ddiv.o)
    0x080005d8   0x080005d8   0x0000002e   Code   RO         4839    .text               mf_w.l(dscalb.o)
    0x08000606   0x08000606   0x0000000a   Code   RO         4841    .text               mf_w.l(ffltui.o)
    0x08000610   0x08000610   0x0000001a   Code   RO         4843    .text               mf_w.l(dfltui.o)
    0x0800062a   0x0800062a   0x00000028   Code   RO         4845    .text               mf_w.l(ffixui.o)
    0x08000652   0x08000652   0x00000026   Code   RO         4847    .text               mf_w.l(f2d.o)
    0x08000678   0x08000678   0x00000038   Code   RO         4849    .text               mf_w.l(d2f.o)
    0x080006b0   0x080006b0   0x00000014   Code   RO         4851    .text               mf_w.l(cfcmple.o)
    0x080006c4   0x080006c4   0x00000014   Code   RO         4853    .text               mf_w.l(cfrcmple.o)
    0x080006d8   0x080006d8   0x0000002c   Code   RO         4870    .text               mc_w.l(uidiv.o)
    0x08000704   0x08000704   0x00000062   Code   RO         4872    .text               mc_w.l(uldiv.o)
    0x08000766   0x08000766   0x0000001e   Code   RO         4874    .text               mc_w.l(llshl.o)
    0x08000784   0x08000784   0x00000024   Code   RO         4876    .text               mc_w.l(llsshr.o)
    0x080007a8   0x080007a8   0x0000009c   Code   RO         4887    .text               mc_w.l(strtod.o)
    0x08000844   0x08000844   0x00000070   Code   RO         4889    .text               mc_w.l(strtol.o)
    0x080008b4   0x080008b4   0x00000000   Code   RO         4891    .text               mc_w.l(iusefp.o)
    0x080008b4   0x080008b4   0x0000006e   Code   RO         4892    .text               mf_w.l(fepilogue.o)
    0x08000922   0x08000922   0x000000ba   Code   RO         4894    .text               mf_w.l(depilogue.o)
    0x080009dc   0x080009dc   0x00000030   Code   RO         4896    .text               mf_w.l(dfixul.o)
    0x08000a0c   0x08000a0c   0x00000030   Code   RO         4898    .text               mf_w.l(cdrcmple.o)
    0x08000a3c   0x08000a3c   0x00000024   Code   RO         4900    .text               mc_w.l(init.o)
    0x08000a60   0x08000a60   0x00000008   Code   RO         4904    .text               mc_w.l(ctype_o.o)
    0x08000a68   0x08000a68   0x00000012   Code   RO         4926    .text               mc_w.l(isspace_o.o)
    0x08000a7a   0x08000a7a   0x00000002   PAD
    0x08000a7c   0x08000a7c   0x00000360   Code   RO         4932    .text               mc_w.l(scanf_fp.o)
    0x08000ddc   0x08000ddc   0x00000040   Code   RO         4936    .text               mc_w.l(_sgetc.o)
    0x08000e1c   0x08000e1c   0x0000009e   Code   RO         4938    .text               mc_w.l(_strtoul.o)
    0x08000eba   0x08000eba   0x0000001c   Code   RO         4943    .text               mc_w.l(_chval.o)
    0x08000ed6   0x08000ed6   0x00000018   Code   RO         4945    .text               mf_w.l(dfltul.o)
    0x08000eee   0x08000eee   0x00000056   Code   RO         4955    .text               mc_w.l(__dczerorl2.o)
    0x08000f44   0x08000f44   0x00000056   Code   RO          961    i.ADC_ConversionStop_Disable  stm32f1xx_hal_adc.o
    0x08000f9a   0x08000f9a   0x00000002   PAD
    0x08000f9c   0x08000f9c   0x0000007c   Code   RO          965    i.ADC_Enable        stm32f1xx_hal_adc.o
    0x08001018   0x08001018   0x0000002c   Code   RO         4370    i.AT24CXX_Check     e2prom.o
    0x08001044   0x08001044   0x0000002c   Code   RO         4371    i.AT24CXX_Read      e2prom.o
    0x08001070   0x08001070   0x00000030   Code   RO         4372    i.AT24CXX_ReadLenByte  e2prom.o
    0x080010a0   0x080010a0   0x00000050   Code   RO         4373    i.AT24CXX_ReadOneByte  e2prom.o
    0x080010f0   0x080010f0   0x0000002c   Code   RO         4374    i.AT24CXX_Write     e2prom.o
    0x0800111c   0x0800111c   0x00000034   Code   RO         4375    i.AT24CXX_WriteLenByte  e2prom.o
    0x08001150   0x08001150   0x0000004c   Code   RO         4376    i.AT24CXX_WriteOneByte  e2prom.o
    0x0800119c   0x0800119c   0x00000002   Code   RO         3718    i.Assert_Failed     system.o
    0x0800119e   0x0800119e   0x00000002   PAD
    0x080011a0   0x080011a0   0x00000038   Code   RO         3935    i.BH1750_Byte_Write  bh1750.o
    0x080011d8   0x080011d8   0x0000000c   Code   RO         3936    i.BH1750_Init       bh1750.o
    0x080011e4   0x080011e4   0x00000040   Code   RO         3937    i.BH1750_Read_Measure  bh1750.o
    0x08001224   0x08001224   0x00000002   Code   RO          579    i.BusFault_Handler  stm32f1xx_it.o
    0x08001226   0x08001226   0x00000002   PAD
    0x08001228   0x08001228   0x00000018   Code   RO         4048    i.CLR_Buf           gps.o
    0x08001240   0x08001240   0x00000032   Code   RO         3901    i.CRC_8             sht31.o
    0x08001272   0x08001272   0x00000002   PAD
    0x08001274   0x08001274   0x0000000c   Code   RO          580    i.DMA1_Channel3_IRQHandler  stm32f1xx_it.o
    0x08001280   0x08001280   0x0000000c   Code   RO          581    i.DMA1_Channel6_IRQHandler  stm32f1xx_it.o
    0x0800128c   0x0800128c   0x0000000c   Code   RO          582    i.DMA1_Channel7_IRQHandler  stm32f1xx_it.o
    0x08001298   0x08001298   0x00000034   Code   RO         4160    i.DMA_Receive_Set   ec20.o
    0x080012cc   0x080012cc   0x00000034   Code   RO         4277    i.DMA_Receive_Set3  zigbee.o
    0x08001300   0x08001300   0x0000002a   Code   RO         1615    i.DMA_SetConfig     stm32f1xx_hal_dma.o
    0x0800132a   0x0800132a   0x00000002   Code   RO          583    i.DebugMon_Handler  stm32f1xx_it.o
    0x0800132c   0x0800132c   0x00000008   Code   RO          584    i.EXTI15_10_IRQHandler  stm32f1xx_it.o
    0x08001334   0x08001334   0x00000014   Code   RO         4161    i.Error             ec20.o
    0x08001348   0x08001348   0x00000002   Code   RO           13    i.Error_Handler     main.o
    0x0800134a   0x0800134a   0x00000002   Code   RO         3719    i.Error_Handler     system.o
    0x0800134c   0x0800134c   0x0000000c   Code   RO         3979    i.FeedDog           myiwdg.o
    0x08001358   0x08001358   0x00000098   Code   RO         4430    i.Get_BAT_Voltage   adc_bat.o
    0x080013f0   0x080013f0   0x000000f4   Code   RO         4162    i.Get_CSQ           ec20.o
    0x080014e4   0x080014e4   0x000000fc   Code   RO          967    i.HAL_ADC_ConfigChannel  stm32f1xx_hal_adc.o
    0x080015e0   0x080015e0   0x00000006   Code   RO          974    i.HAL_ADC_GetValue  stm32f1xx_hal_adc.o
    0x080015e6   0x080015e6   0x00000002   PAD
    0x080015e8   0x080015e8   0x00000120   Code   RO          976    i.HAL_ADC_Init      stm32f1xx_hal_adc.o
    0x08001708   0x08001708   0x00000058   Code   RO          373    i.HAL_ADC_MspInit   adc.o
    0x08001760   0x08001760   0x0000013c   Code   RO          980    i.HAL_ADC_PollForConversion  stm32f1xx_hal_adc.o
    0x0800189c   0x0800189c   0x000000c0   Code   RO          982    i.HAL_ADC_Start     stm32f1xx_hal_adc.o
    0x0800195c   0x0800195c   0x00000046   Code   RO         1616    i.HAL_DMA_Abort     stm32f1xx_hal_dma.o
    0x080019a2   0x080019a2   0x00000002   PAD
    0x080019a4   0x080019a4   0x00000130   Code   RO         1617    i.HAL_DMA_Abort_IT  stm32f1xx_hal_dma.o
    0x08001ad4   0x08001ad4   0x00000248   Code   RO         1621    i.HAL_DMA_IRQHandler  stm32f1xx_hal_dma.o
    0x08001d1c   0x08001d1c   0x0000007c   Code   RO         1622    i.HAL_DMA_Init      stm32f1xx_hal_dma.o
    0x08001d98   0x08001d98   0x00000070   Code   RO         1626    i.HAL_DMA_Start_IT  stm32f1xx_hal_dma.o
    0x08001e08   0x08001e08   0x00000024   Code   RO         1244    i.HAL_Delay         stm32f1xx_hal.o
    0x08001e2c   0x08001e2c   0x00000034   Code   RO         3610    i.HAL_GPIO_EXTI_Callback  callback.o
    0x08001e60   0x08001e60   0x00000018   Code   RO         1551    i.HAL_GPIO_EXTI_IRQHandler  stm32f1xx_hal_gpio.o
    0x08001e78   0x08001e78   0x000001f8   Code   RO         1552    i.HAL_GPIO_Init     stm32f1xx_hal_gpio.o
    0x08002070   0x08002070   0x0000000a   Code   RO         1554    i.HAL_GPIO_ReadPin  stm32f1xx_hal_gpio.o
    0x0800207a   0x0800207a   0x0000000a   Code   RO         1556    i.HAL_GPIO_WritePin  stm32f1xx_hal_gpio.o
    0x08002084   0x08002084   0x0000000c   Code   RO         1248    i.HAL_GetTick       stm32f1xx_hal.o
    0x08002090   0x08002090   0x0000005a   Code   RO         2212    i.HAL_IWDG_Init     stm32f1xx_hal_iwdg.o
    0x080020ea   0x080020ea   0x0000000c   Code   RO         2213    i.HAL_IWDG_Refresh  stm32f1xx_hal_iwdg.o
    0x080020f6   0x080020f6   0x00000002   PAD
    0x080020f8   0x080020f8   0x00000010   Code   RO         1254    i.HAL_IncTick       stm32f1xx_hal.o
    0x08002108   0x08002108   0x00000024   Code   RO         1255    i.HAL_Init          stm32f1xx_hal.o
    0x0800212c   0x0800212c   0x00000040   Code   RO         1256    i.HAL_InitTick      stm32f1xx_hal.o
    0x0800216c   0x0800216c   0x0000003c   Code   RO          901    i.HAL_MspInit       stm32f1xx_hal_msp.o
    0x080021a8   0x080021a8   0x00000022   Code   RO         1711    i.HAL_NVIC_DisableIRQ  stm32f1xx_hal_cortex.o
    0x080021ca   0x080021ca   0x0000001a   Code   RO         1712    i.HAL_NVIC_EnableIRQ  stm32f1xx_hal_cortex.o
    0x080021e4   0x080021e4   0x00000040   Code   RO         1718    i.HAL_NVIC_SetPriority  stm32f1xx_hal_cortex.o
    0x08002224   0x08002224   0x00000024   Code   RO         1719    i.HAL_NVIC_SetPriorityGrouping  stm32f1xx_hal_cortex.o
    0x08002248   0x08002248   0x00000024   Code   RO         1720    i.HAL_NVIC_SystemReset  stm32f1xx_hal_cortex.o
    0x0800226c   0x0800226c   0x00000020   Code   RO         1839    i.HAL_PWR_EnterSLEEPMode  stm32f1xx_hal_pwr.o
    0x0800228c   0x0800228c   0x000000d4   Code   RO         1514    i.HAL_RCCEx_GetPeriphCLKFreq  stm32f1xx_hal_rcc_ex.o
    0x08002360   0x08002360   0x000000ec   Code   RO         1515    i.HAL_RCCEx_PeriphCLKConfig  stm32f1xx_hal_rcc_ex.o
    0x0800244c   0x0800244c   0x0000012c   Code   RO         1412    i.HAL_RCC_ClockConfig  stm32f1xx_hal_rcc.o
    0x08002578   0x08002578   0x00000020   Code   RO         1419    i.HAL_RCC_GetPCLK1Freq  stm32f1xx_hal_rcc.o
    0x08002598   0x08002598   0x00000020   Code   RO         1420    i.HAL_RCC_GetPCLK2Freq  stm32f1xx_hal_rcc.o
    0x080025b8   0x080025b8   0x0000006c   Code   RO         1421    i.HAL_RCC_GetSysClockFreq  stm32f1xx_hal_rcc.o
    0x08002624   0x08002624   0x00000320   Code   RO         1424    i.HAL_RCC_OscConfig  stm32f1xx_hal_rcc.o
    0x08002944   0x08002944   0x0000000e   Code   RO         1259    i.HAL_ResumeTick    stm32f1xx_hal.o
    0x08002952   0x08002952   0x00000028   Code   RO         1723    i.HAL_SYSTICK_Config  stm32f1xx_hal_cortex.o
    0x0800297a   0x0800297a   0x0000000e   Code   RO         1261    i.HAL_SuspendTick   stm32f1xx_hal.o
    0x08002988   0x08002988   0x00000002   Code   RO         2948    i.HAL_TIMEx_BreakCallback  stm32f1xx_hal_tim_ex.o
    0x0800298a   0x0800298a   0x00000002   Code   RO         2949    i.HAL_TIMEx_CommutCallback  stm32f1xx_hal_tim_ex.o
    0x0800298c   0x0800298c   0x0000007c   Code   RO         2967    i.HAL_TIMEx_MasterConfigSynchronization  stm32f1xx_hal_tim_ex.o
    0x08002a08   0x08002a08   0x0000005a   Code   RO         2244    i.HAL_TIM_Base_Init  stm32f1xx_hal_tim.o
    0x08002a62   0x08002a62   0x00000002   PAD
    0x08002a64   0x08002a64   0x00000064   Code   RO          472    i.HAL_TIM_Base_MspInit  tim.o
    0x08002ac8   0x08002ac8   0x0000006c   Code   RO         2249    i.HAL_TIM_Base_Start_IT  stm32f1xx_hal_tim.o
    0x08002b34   0x08002b34   0x00000030   Code   RO         2252    i.HAL_TIM_Base_Stop_IT  stm32f1xx_hal_tim.o
    0x08002b64   0x08002b64   0x00000002   Code   RO         2278    i.HAL_TIM_IC_CaptureCallback  stm32f1xx_hal_tim.o
    0x08002b66   0x08002b66   0x00000166   Code   RO         2292    i.HAL_TIM_IRQHandler  stm32f1xx_hal_tim.o
    0x08002ccc   0x08002ccc   0x00000002   Code   RO         2295    i.HAL_TIM_OC_DelayElapsedCallback  stm32f1xx_hal_tim.o
    0x08002cce   0x08002cce   0x00000002   Code   RO         2322    i.HAL_TIM_PWM_PulseFinishedCallback  stm32f1xx_hal_tim.o
    0x08002cd0   0x08002cd0   0x0000005c   Code   RO         3611    i.HAL_TIM_PeriodElapsedCallback  callback.o
    0x08002d2c   0x08002d2c   0x00000002   Code   RO         2335    i.HAL_TIM_TriggerCallback  stm32f1xx_hal_tim.o
    0x08002d2e   0x08002d2e   0x00000002   Code   RO         3226    i.HAL_UARTEx_RxEventCallback  stm32f1xx_hal_uart.o
    0x08002d30   0x08002d30   0x00000058   Code   RO         3238    i.HAL_UART_DMAStop  stm32f1xx_hal_uart.o
    0x08002d88   0x08002d88   0x00000002   Code   RO         3240    i.HAL_UART_ErrorCallback  stm32f1xx_hal_uart.o
    0x08002d8a   0x08002d8a   0x00000002   PAD
    0x08002d8c   0x08002d8c   0x0000020c   Code   RO         3243    i.HAL_UART_IRQHandler  stm32f1xx_hal_uart.o
    0x08002f98   0x08002f98   0x0000003c   Code   RO         3612    i.HAL_UART_IdleCallback  callback.o
    0x08002fd4   0x08002fd4   0x00000062   Code   RO         3244    i.HAL_UART_Init     stm32f1xx_hal_uart.o
    0x08003036   0x08003036   0x00000002   PAD
    0x08003038   0x08003038   0x00000264   Code   RO          520    i.HAL_UART_MspInit  usart.o
    0x0800329c   0x0800329c   0x0000002a   Code   RO         3248    i.HAL_UART_Receive_DMA  stm32f1xx_hal_uart.o
    0x080032c6   0x080032c6   0x00000002   Code   RO         3250    i.HAL_UART_RxCpltCallback  stm32f1xx_hal_uart.o
    0x080032c8   0x080032c8   0x00000002   Code   RO         3251    i.HAL_UART_RxHalfCpltCallback  stm32f1xx_hal_uart.o
    0x080032ca   0x080032ca   0x00000002   PAD
    0x080032cc   0x080032cc   0x000000b2   Code   RO         3252    i.HAL_UART_Transmit  stm32f1xx_hal_uart.o
    0x0800337e   0x0800337e   0x00000002   PAD
    0x08003380   0x08003380   0x00000080   Code   RO         3253    i.HAL_UART_Transmit_DMA  stm32f1xx_hal_uart.o
    0x08003400   0x08003400   0x00000002   Code   RO         3255    i.HAL_UART_TxCpltCallback  stm32f1xx_hal_uart.o
    0x08003402   0x08003402   0x00000002   Code   RO         3256    i.HAL_UART_TxHalfCpltCallback  stm32f1xx_hal_uart.o
    0x08003404   0x08003404   0x00000018   Code   RO         4049    i.Hand              gps.o
    0x0800341c   0x0800341c   0x00000002   Code   RO          585    i.HardFault_Handler  stm32f1xx_it.o
    0x0800341e   0x0800341e   0x00000014   Code   RO         3792    i.I2C_Delay_us      i2c.o
    0x08003432   0x08003432   0x00000014   Code   RO         4316    i.I2C_Delay_us      e2rom_iic.o
    0x08003446   0x08003446   0x00000002   PAD
    0x08003448   0x08003448   0x00000020   Code   RO         3793    i.Init              i2c.o
    0x08003468   0x08003468   0x00000020   Code   RO         4317    i.Init              e2rom_iic.o
    0x08003488   0x08003488   0x00000020   Code   RO         3938    i.Lux_Continus_Intensity  bh1750.o
    0x080034a8   0x080034a8   0x00000050   Code   RO         4163    i.MQTT_Connect_Server  ec20.o
    0x080034f8   0x080034f8   0x00000050   Code   RO          374    i.MX_ADC1_Init      adc.o
    0x08003548   0x08003548   0x0000004c   Code   RO          414    i.MX_DMA_Init       dma.o
    0x08003594   0x08003594   0x0000014c   Code   RO          255    i.MX_GPIO_Init      gpio.o
    0x080036e0   0x080036e0   0x0000002c   Code   RO          441    i.MX_IWDG_Init      iwdg.o
    0x0800370c   0x0800370c   0x00000048   Code   RO          473    i.MX_TIM6_Init      tim.o
    0x08003754   0x08003754   0x00000048   Code   RO          474    i.MX_TIM7_Init      tim.o
    0x0800379c   0x0800379c   0x00000038   Code   RO          521    i.MX_UART4_Init     usart.o
    0x080037d4   0x080037d4   0x00000038   Code   RO          522    i.MX_USART1_UART_Init  usart.o
    0x0800380c   0x0800380c   0x00000038   Code   RO          523    i.MX_USART2_UART_Init  usart.o
    0x08003844   0x08003844   0x00000038   Code   RO          524    i.MX_USART3_UART_Init  usart.o
    0x0800387c   0x0800387c   0x00000150   Code   RO         3902    i.Measure_Period_Mode  sht31.o
    0x080039cc   0x080039cc   0x00000002   Code   RO          586    i.MemManage_Handler  stm32f1xx_it.o
    0x080039ce   0x080039ce   0x00000012   Code   RO         3678    i.Memory_Clr        public.o
    0x080039e0   0x080039e0   0x000000cc   Code   RO         4164    i.Moudle_Check_Attach_GPRS_Service  ec20.o
    0x08003aac   0x08003aac   0x000000b0   Code   RO         4165    i.Moudle_Check_IMEI  ec20.o
    0x08003b5c   0x08003b5c   0x000000d4   Code   RO         4166    i.Moudle_Check_MQTT_Client_ID  ec20.o
    0x08003c30   0x08003c30   0x00000168   Code   RO         4167    i.Moudle_Check_MQTT_Server  ec20.o
    0x08003d98   0x08003d98   0x00000098   Code   RO         4168    i.Moudle_Check_Network_Register  ec20.o
    0x08003e30   0x08003e30   0x00000084   Code   RO         4169    i.Moudle_Check_QIACT  ec20.o
    0x08003eb4   0x08003eb4   0x00000074   Code   RO         4170    i.Moudle_Check_SIM_Status  ec20.o
    0x08003f28   0x08003f28   0x000000fc   Code   RO         4171    i.Moudle_Sub_MQTT_Theme  ec20.o
    0x08004024   0x08004024   0x0000007c   Code   RO         4172    i.Moudle_Sync_Baud  ec20.o
    0x080040a0   0x080040a0   0x00000002   Code   RO          587    i.NMI_Handler       stm32f1xx_it.o
    0x080040a2   0x080040a2   0x00000002   Code   RO          588    i.PendSV_Handler    stm32f1xx_it.o
    0x080040a4   0x080040a4   0x00000098   Code   RO         3649    i.Peripheral_Set    myinit.o
    0x0800413c   0x0800413c   0x0000009c   Code   RO         3794    i.Read_Byte         i2c.o
    0x080041d8   0x080041d8   0x0000009c   Code   RO         4318    i.Read_Byte         e2rom_iic.o
    0x08004274   0x08004274   0x00000148   Code   RO         4173    i.Receive_Information  ec20.o
    0x080043bc   0x080043bc   0x00000004   Code   RO         3679    i.Reset_MCU         public.o
    0x080043c0   0x080043c0   0x000003fc   Code   RO         3720    i.Run               system.o
    0x080047bc   0x080047bc   0x00000002   Code   RO          589    i.SVC_Handler       stm32f1xx_it.o
    0x080047be   0x080047be   0x00000002   PAD
    0x080047c0   0x080047c0   0x00000010   Code   RO         4008    i.SendArray         my_usart.o
    0x080047d0   0x080047d0   0x0000001c   Code   RO         4009    i.SendString        my_usart.o
    0x080047ec   0x080047ec   0x00000080   Code   RO         4174    i.Send_AT           ec20.o
    0x0800486c   0x0800486c   0x00000070   Code   RO         4050    i.Show_lon_lat      gps.o
    0x080048dc   0x080048dc   0x00000094   Code   RO         4459    i.Sleep_Mode        low_power.o
    0x08004970   0x08004970   0x00000048   Code   RO         3795    i.Start             i2c.o
    0x080049b8   0x080049b8   0x00000048   Code   RO         4319    i.Start             e2rom_iic.o
    0x08004a00   0x08004a00   0x00000002   Code   RO         4175    i.Start_up          ec20.o
    0x08004a02   0x08004a02   0x00000002   PAD
    0x08004a04   0x08004a04   0x00000038   Code   RO         3796    i.Stop              i2c.o
    0x08004a3c   0x08004a3c   0x00000038   Code   RO         4320    i.Stop              e2rom_iic.o
    0x08004a74   0x08004a74   0x00000044   Code   RO         4109    i.StrBetwString     cstring.o
    0x08004ab8   0x08004ab8   0x00000004   Code   RO          590    i.SysTick_Handler   stm32f1xx_it.o
    0x08004abc   0x08004abc   0x00000068   Code   RO           14    i.SystemClock_Config  main.o
    0x08004b24   0x08004b24   0x00000002   Code   RO         3573    i.SystemInit        system_stm32f1xx.o
    0x08004b26   0x08004b26   0x00000002   PAD
    0x08004b28   0x08004b28   0x0000000c   Code   RO          591    i.TIM6_IRQHandler   stm32f1xx_it.o
    0x08004b34   0x08004b34   0x0000000c   Code   RO          592    i.TIM7_IRQHandler   stm32f1xx_it.o
    0x08004b40   0x08004b40   0x0000008c   Code   RO         2337    i.TIM_Base_SetConfig  stm32f1xx_hal_tim.o
    0x08004bcc   0x08004bcc   0x0000000c   Code   RO         3757    i.Timer6_Start_IT   timer.o
    0x08004bd8   0x08004bd8   0x0000000c   Code   RO         3758    i.Timer7_Start_IT   timer.o
    0x08004be4   0x08004be4   0x00000144   Code   RO         4176    i.Transfer_Data     ec20.o
    0x08004d28   0x08004d28   0x000000dc   Code   RO         4177    i.Transfer_Warning_Data  ec20.o
    0x08004e04   0x08004e04   0x00000094   Code   RO          593    i.UART4_IRQHandler  stm32f1xx_it.o
    0x08004e98   0x08004e98   0x00000010   Code   RO         3257    i.UART_DMAAbortOnError  stm32f1xx_hal_uart.o
    0x08004ea8   0x08004ea8   0x0000004a   Code   RO         3258    i.UART_DMAError     stm32f1xx_hal_uart.o
    0x08004ef2   0x08004ef2   0x0000005a   Code   RO         3259    i.UART_DMAReceiveCplt  stm32f1xx_hal_uart.o
    0x08004f4c   0x08004f4c   0x0000001a   Code   RO         3261    i.UART_DMARxHalfCplt  stm32f1xx_hal_uart.o
    0x08004f66   0x08004f66   0x0000002e   Code   RO         3263    i.UART_DMATransmitCplt  stm32f1xx_hal_uart.o
    0x08004f94   0x08004f94   0x0000000a   Code   RO         3265    i.UART_DMATxHalfCplt  stm32f1xx_hal_uart.o
    0x08004f9e   0x08004f9e   0x00000030   Code   RO         3267    i.UART_EndRxTransfer  stm32f1xx_hal_uart.o
    0x08004fce   0x08004fce   0x00000012   Code   RO         3268    i.UART_EndTxTransfer  stm32f1xx_hal_uart.o
    0x08004fe0   0x08004fe0   0x000000b6   Code   RO         3269    i.UART_Receive_IT   stm32f1xx_hal_uart.o
    0x08005096   0x08005096   0x00000002   PAD
    0x08005098   0x08005098   0x000000b8   Code   RO         3270    i.UART_SetConfig    stm32f1xx_hal_uart.o
    0x08005150   0x08005150   0x00000070   Code   RO         3271    i.UART_Start_Receive_DMA  stm32f1xx_hal_uart.o
    0x080051c0   0x080051c0   0x00000064   Code   RO         3273    i.UART_WaitOnFlagUntilTimeout  stm32f1xx_hal_uart.o
    0x08005224   0x08005224   0x00000058   Code   RO          594    i.USART1_IRQHandler  stm32f1xx_it.o
    0x0800527c   0x0800527c   0x00000028   Code   RO          595    i.USART2_IRQHandler  stm32f1xx_it.o
    0x080052a4   0x080052a4   0x00000028   Code   RO          596    i.USART3_IRQHandler  stm32f1xx_it.o
    0x080052cc   0x080052cc   0x00000002   Code   RO          597    i.UsageFault_Handler  stm32f1xx_it.o
    0x080052ce   0x080052ce   0x00000002   PAD
    0x080052d0   0x080052d0   0x00000098   Code   RO         3797    i.Write_Byte        i2c.o
    0x08005368   0x08005368   0x00000098   Code   RO         4321    i.Write_Byte        e2rom_iic.o
    0x08005400   0x08005400   0x000000a4   Code   RO         4278    i.Zigbee_MQTT_Pub   zigbee.o
    0x080054a4   0x080054a4   0x000002bc   Code   RO         4279    i.Zigbee_Receive_Information  zigbee.o
    0x08005760   0x08005760   0x00000020   Code   RO         4771    i.__0printf         mc_w.l(printfa.o)
    0x08005780   0x08005780   0x00000028   Code   RO         4773    i.__0sprintf        mc_w.l(printfa.o)
    0x080057a8   0x080057a8   0x00000020   Code   RO         1725    i.__NVIC_SetPriority  stm32f1xx_hal_cortex.o
    0x080057c8   0x080057c8   0x00000008   Code   RO         4880    i.__aeabi_errno_addr  mc_w.l(errno.o)
    0x080057d0   0x080057d0   0x0000000c   Code   RO         4881    i.__read_errno      mc_w.l(errno.o)
    0x080057dc   0x080057dc   0x0000000e   Code   RO         4949    i.__scatterload_copy  mc_w.l(handlers.o)
    0x080057ea   0x080057ea   0x00000002   Code   RO         4950    i.__scatterload_null  mc_w.l(handlers.o)
    0x080057ec   0x080057ec   0x0000000e   Code   RO         4951    i.__scatterload_zeroinit  mc_w.l(handlers.o)
    0x080057fa   0x080057fa   0x00000002   PAD
    0x080057fc   0x080057fc   0x0000000c   Code   RO         4882    i.__set_errno       mc_w.l(errno.o)
    0x08005808   0x08005808   0x00000184   Code   RO         4778    i._fp_digits        mc_w.l(printfa.o)
    0x0800598c   0x0800598c   0x0000000e   Code   RO         4934    i._is_digit         mc_w.l(scanf_fp.o)
    0x0800599a   0x0800599a   0x00000002   PAD
    0x0800599c   0x0800599c   0x000006dc   Code   RO         4779    i._printf_core      mc_w.l(printfa.o)
    0x08006078   0x08006078   0x00000024   Code   RO         4780    i._printf_post_padding  mc_w.l(printfa.o)
    0x0800609c   0x0800609c   0x0000002e   Code   RO         4781    i._printf_pre_padding  mc_w.l(printfa.o)
    0x080060ca   0x080060ca   0x0000000a   Code   RO         4783    i._sputc            mc_w.l(printfa.o)
    0x080060d4   0x080060d4   0x0000002a   Code   RO         4512    i.atof              m_ws.l(atof.o)
    0x080060fe   0x080060fe   0x00000002   PAD
    0x08006100   0x08006100   0x00000014   Code   RO         4112    i.cStringRestore    cstring.o
    0x08006114   0x08006114   0x00000044   Code   RO         4051    i.clrStruct         gps.o
    0x08006158   0x08006158   0x00000018   Code   RO         4052    i.errorLog          gps.o
    0x08006170   0x08006170   0x00000018   Code   RO         3680    i.fputc             public.o
    0x08006188   0x08006188   0x00000040   Code   RO         3798    i.i2c_Ack           i2c.o
    0x080061c8   0x080061c8   0x00000024   Code   RO         3799    i.i2c_CheckDevice   i2c.o
    0x080061ec   0x080061ec   0x0000000c   Code   RO         3800    i.i2c_Delay         i2c.o
    0x080061f8   0x080061f8   0x00000038   Code   RO         3801    i.i2c_NAck          i2c.o
    0x08006230   0x08006230   0x00000048   Code   RO         3802    i.i2c_ReadByte      i2c.o
    0x08006278   0x08006278   0x0000005c   Code   RO         3803    i.i2c_SendByte      i2c.o
    0x080062d4   0x080062d4   0x00000040   Code   RO         3804    i.i2c_Start         i2c.o
    0x08006314   0x08006314   0x00000030   Code   RO         3805    i.i2c_Stop          i2c.o
    0x08006344   0x08006344   0x00000048   Code   RO         3806    i.i2c_WaitAck       i2c.o
    0x0800638c   0x0800638c   0x00000048   Code   RO           15    i.main              main.o
    0x080063d4   0x080063d4   0x0000011c   Code   RO         4053    i.parseGpsBuffer    gps.o
    0x080064f0   0x080064f0   0x000000d8   Code   RO         4054    i.printGpsBuffer    gps.o
    0x080065c8   0x080065c8   0x00000010   Data   RO         3574    .constdata          system_stm32f1xx.o
    0x080065d8   0x080065d8   0x00000008   Data   RO         3575    .constdata          system_stm32f1xx.o
    0x080065e0   0x080065e0   0x00000081   Data   RO         4905    .constdata          mc_w.l(ctype_o.o)
    0x08006661   0x08006661   0x00000003   PAD
    0x08006664   0x08006664   0x00000004   Data   RO         4906    .constdata          mc_w.l(ctype_o.o)
    0x08006668   0x08006668   0x00000020   Data   RO         4947    Region$$Table       anon$$obj.o


    Execution Region RW_IRAM1 (Exec base: 0x20000000, Load base: 0x08006688, Size: 0x00000f48, Max: 0x0000c000, ABSOLUTE, COMPRESSED[0x000000ec])

    Exec Addr    Load Addr    Size         Type   Attr      Idx    E Section Name        Object

    0x20000000   COMPRESSED   0x0000000c   Data   RW         1262    .data               stm32f1xx_hal.o
    0x2000000c   COMPRESSED   0x00000004   Data   RW         3576    .data               system_stm32f1xx.o
    0x20000010   COMPRESSED   0x00000004   Data   RW         3650    .data               myinit.o
    0x20000014   COMPRESSED   0x00000008   Data   RW         3681    .data               public.o
    0x2000001c   COMPRESSED   0x0000000c   Data   RW         3721    .data               system.o
    0x20000028   COMPRESSED   0x00000010   Data   RW         3759    .data               timer.o
    0x20000038   COMPRESSED   0x00000018   Data   RW         3760    .data               timer.o
    0x20000050   COMPRESSED   0x00000014   Data   RW         3807    .data               i2c.o
    0x20000064   COMPRESSED   0x00000020   Data   RW         3808    .data               i2c.o
    0x20000084   COMPRESSED   0x0000000c   Data   RW         3903    .data               sht31.o
    0x20000090   COMPRESSED   0x00000014   Data   RW         3939    .data               bh1750.o
    0x200000a4   COMPRESSED   0x00000008   Data   RW         3980    .data               myiwdg.o
    0x200000ac   COMPRESSED   0x00000010   Data   RW         4015    .data               my_usart.o
    0x200000bc   COMPRESSED   0x00000004   Data   RW         4016    .data               my_usart.o
    0x200000c0   COMPRESSED   0x0000000c   Data   RW         4056    .data               gps.o
    0x200000cc   COMPRESSED   0x00000004   PAD
    0x200000d0   COMPRESSED   0x00000020   Data   RW         4057    .data               gps.o
    0x200000f0   COMPRESSED   0x0000000c   Data   RW         4114    .data               cstring.o
    0x200000fc   COMPRESSED   0x0000002c   Data   RW         4179    .data               ec20.o
    0x20000128   COMPRESSED   0x0000000c   Data   RW         4280    .data               zigbee.o
    0x20000134   COMPRESSED   0x00000014   Data   RW         4322    .data               e2rom_iic.o
    0x20000148   COMPRESSED   0x00000018   Data   RW         4377    .data               e2prom.o
    0x20000160   COMPRESSED   0x0000000c   Data   RW         4431    .data               adc_bat.o
    0x2000016c   COMPRESSED   0x00000008   Data   RW         4460    .data               low_power.o
    0x20000174   COMPRESSED   0x00000002   Data   RW         4490    .data               sensor_process.o
    0x20000176   COMPRESSED   0x00000002   PAD
    0x20000178   COMPRESSED   0x00000004   Data   RW         4869    .data               mc_w.l(stdout.o)
    0x2000017c   COMPRESSED   0x00000004   Data   RW         4883    .data               mc_w.l(errno.o)
    0x20000180        -       0x00000030   Zero   RW          375    .bss                adc.o
    0x200001b0        -       0x0000000c   Zero   RW          442    .bss                iwdg.o
    0x200001bc        -       0x00000090   Zero   RW          475    .bss                tim.o
    0x2000024c        -       0x000001dc   Zero   RW          525    .bss                usart.o
    0x20000428        -       0x00000096   Zero   RW         4010    .bss                my_usart.o
    0x200004be        -       0x00000096   Zero   RW         4011    .bss                my_usart.o
    0x20000554        -       0x00000096   Zero   RW         4012    .bss                my_usart.o
    0x200005ea   COMPRESSED   0x00000002   PAD
    0x200005ec        -       0x00000208   Zero   RW         4013    .bss                my_usart.o
    0x200007f4        -       0x000000cc   Zero   RW         4014    .bss                my_usart.o
    0x200008c0        -       0x00000079   Zero   RW         4055    .bss                gps.o
    0x20000939        -       0x0000020d   Zero   RW         4178    .bss                ec20.o
    0x20000b46   COMPRESSED   0x00000002   PAD
    0x20000b48        -       0x00000400   Zero   RW            1    STACK               startup_stm32f103xe.o


==============================================================================

Image component sizes


      Code (inc. data)   RO Data    RW Data    ZI Data      Debug   Object Name

       168         22          0          0         48       1513   adc.o
       152         58          0         12          0       1110   adc_bat.o
       164         26          0         20          0       2845   bh1750.o
       204         58          0          0          0       1909   callback.o
        88         12          0         12          0       1437   cstring.o
        76          4          0          0          0        710   dma.o
       388         36          0         24          0       5229   e2prom.o
       488         24          0         20          0       4385   e2rom_iic.o
      3126       1274          0         44        525      11513   ec20.o
       332         24          0          0          0     498223   gpio.o
       752        288          0         44        121       4893   gps.o
      1004         68          0         52          0       9325   i2c.o
        44          8          0          0         12        647   iwdg.o
       148          6          0          8          0       1079   low_power.o
       178         10          0          0          0      47288   main.o
        44         12          0         20       1174       2405   my_usart.o
       152         72          0          4          0        981   myinit.o
        12          6          0          8          0        909   myiwdg.o
        46          6          0          8          0       2433   public.o
         0          0          0          2          0        853   sensor_process.o
       386         40          0         12          0       2256   sht31.o
        36          8        304          0       1024        784   startup_stm32f103xe.o
       192         28          0         12          0       7280   stm32f1xx_hal.o
      1264         58          0          0          0       6420   stm32f1xx_hal_adc.o
       268         24          0          0          0      30028   stm32f1xx_hal_cortex.o
      1236         52          0          0          0       4978   stm32f1xx_hal_dma.o
       548         48          0          0          0       4030   stm32f1xx_hal_gpio.o
       102          0          0          0          0       1775   stm32f1xx_hal_iwdg.o
        60          8          0          0          0        802   stm32f1xx_hal_msp.o
        32          6          0          0          0        569   stm32f1xx_hal_pwr.o
      1272        100          0          0          0       5068   stm32f1xx_hal_rcc.o
       448         44          0          0          0       2505   stm32f1xx_hal_rcc_ex.o
       752         40          0          0          0       6920   stm32f1xx_hal_tim.o
       128         20          0          0          0       2289   stm32f1xx_hal_tim_ex.o
      1976         38          0          0          0      16647   stm32f1xx_hal_uart.o
       404         68          0          0          0     444578   stm32f1xx_it.o
      1024        250          0         12          0       2389   system.o
         2          0         24          4          0       1035   system_stm32f1xx.o
       244         34          0          0        144       2011   tim.o
        24         12          0         40          0       2088   timer.o
       836         78          0          0        476       3780   usart.o
       916        200          0         12          0       2405   zigbee.o

    ----------------------------------------------------------------------
     19752       3170        360        376       3528    1150324   Object Totals
         0          0         32          0          0          0   (incl. Generated)
        36          0          0          6          4          0   (incl. Padding)

    ----------------------------------------------------------------------

      Code (inc. data)   RO Data    RW Data    ZI Data      Debug   Library Member Name

        42          0          0          0          0         84   atof.o
        86          0          0          0          0          0   __dczerorl2.o
        28          0          0          0          0         68   _chval.o
        64          0          0          0          0         84   _sgetc.o
       158          0          0          0          0         92   _strtoul.o
        26          0          0          0          0         80   atoi.o
         8          4        133          0          0         68   ctype_o.o
         0          0          0          0          0          0   entry.o
         0          0          0          0          0          0   entry10a.o
         0          0          0          0          0          0   entry11a.o
         8          4          0          0          0          0   entry2.o
         4          0          0          0          0          0   entry5.o
         0          0          0          0          0          0   entry7b.o
         0          0          0          0          0          0   entry8b.o
         8          4          0          0          0          0   entry9a.o
        32         16          0          4          0        204   errno.o
        30          0          0          0          0          0   handlers.o
        36          8          0          0          0         68   init.o
        18          0          0          0          0         76   isspace_o.o
         0          0          0          0          0          0   iusefp.o
        30          0          0          0          0         68   llshl.o
        36          0          0          0          0         68   llsshr.o
        32          0          0          0          0         68   llushr.o
        36          0          0          0          0         68   memcpya.o
        36          0          0          0          0        108   memseta.o
      2308         96          0          0          0        604   printfa.o
       878         12          0          0          0        216   scanf_fp.o
         0          0          0          4          0          0   stdout.o
        14          0          0          0          0         68   strlen.o
        24          0          0          0          0         76   strncpy.o
        36          0          0          0          0         80   strstr.o
       156         12          0          0          0        120   strtod.o
       112          0          0          0          0         88   strtol.o
        44          0          0          0          0         80   uidiv.o
        98          0          0          0          0         92   uldiv.o
        48          0          0          0          0         68   cdrcmple.o
        20          0          0          0          0         68   cfcmple.o
        20          0          0          0          0         68   cfrcmple.o
        56          0          0          0          0         88   d2f.o
       334          0          0          0          0        148   dadd.o
       222          0          0          0          0        100   ddiv.o
       186          0          0          0          0        176   depilogue.o
        48          0          0          0          0         68   dfixul.o
        26          0          0          0          0         76   dfltui.o
        24          0          0          0          0         76   dfltul.o
       228          0          0          0          0         96   dmul.o
        46          0          0          0          0         80   dscalb.o
        38          0          0          0          0         68   f2d.o
       124          0          0          0          0         88   fdiv.o
       110          0          0          0          0        168   fepilogue.o
        40          0          0          0          0         68   ffixui.o
        10          0          0          0          0         68   ffltui.o
        24          0          0          0          0         68   fscalb.o

    ----------------------------------------------------------------------
      6000        156        136          8          0       4268   Library Totals
         8          0          3          0          0          0   (incl. Padding)

    ----------------------------------------------------------------------

      Code (inc. data)   RO Data    RW Data    ZI Data      Debug   Library Name

        42          0          0          0          0         84   m_ws.l
      4346        156        133          8          0       2544   mc_w.l
      1604          0          0          0          0       1640   mf_w.l

    ----------------------------------------------------------------------
      6000        156        136          8          0       4268   Library Totals

    ----------------------------------------------------------------------

==============================================================================


      Code (inc. data)   RO Data    RW Data    ZI Data      Debug   

     25752       3326        496        384       3528    1142396   Grand Totals
     25752       3326        496        236       3528    1142396   ELF Image Totals (compressed)
     25752       3326        496        236          0          0   ROM Totals

==============================================================================

    Total RO  Size (Code + RO Data)                26248 (  25.63kB)
    Total RW  Size (RW Data + ZI Data)              3912 (   3.82kB)
    Total ROM Size (Code + RO Data + RW Data)      26484 (  25.86kB)

==============================================================================

